Archive member included to satisfy reference by file (symbol)

c:/st/stm32cubeide_1.4.0/stm32cubeide/plugins/com.st.stm32cube.ide.mcu.externaltools.gnu-tools-for-stm32.7-2018-q2-update.win32_1.4.0.202007081208/tools/bin/../lib/gcc/arm-none-eabi/7.3.1/../../../../arm-none-eabi/lib/thumb/v7e-m/fpv5/hard\libc_nano.a(lib_a-errno.o)
                              Core/Src/syscalls.o (__errno)
c:/st/stm32cubeide_1.4.0/stm32cubeide/plugins/com.st.stm32cube.ide.mcu.externaltools.gnu-tools-for-stm32.7-2018-q2-update.win32_1.4.0.202007081208/tools/bin/../lib/gcc/arm-none-eabi/7.3.1/../../../../arm-none-eabi/lib/thumb/v7e-m/fpv5/hard\libc_nano.a(lib_a-exit.o)
                              c:/st/stm32cubeide_1.4.0/stm32cubeide/plugins/com.st.stm32cube.ide.mcu.externaltools.gnu-tools-for-stm32.7-2018-q2-update.win32_1.4.0.202007081208/tools/bin/../lib/gcc/arm-none-eabi/7.3.1/../../../../arm-none-eabi/lib/thumb/v7e-m/fpv5/hard/crt0.o (exit)
c:/st/stm32cubeide_1.4.0/stm32cubeide/plugins/com.st.stm32cube.ide.mcu.externaltools.gnu-tools-for-stm32.7-2018-q2-update.win32_1.4.0.202007081208/tools/bin/../lib/gcc/arm-none-eabi/7.3.1/../../../../arm-none-eabi/lib/thumb/v7e-m/fpv5/hard\libc_nano.a(lib_a-impure.o)
                              c:/st/stm32cubeide_1.4.0/stm32cubeide/plugins/com.st.stm32cube.ide.mcu.externaltools.gnu-tools-for-stm32.7-2018-q2-update.win32_1.4.0.202007081208/tools/bin/../lib/gcc/arm-none-eabi/7.3.1/../../../../arm-none-eabi/lib/thumb/v7e-m/fpv5/hard\libc_nano.a(lib_a-exit.o) (_global_impure_ptr)
c:/st/stm32cubeide_1.4.0/stm32cubeide/plugins/com.st.stm32cube.ide.mcu.externaltools.gnu-tools-for-stm32.7-2018-q2-update.win32_1.4.0.202007081208/tools/bin/../lib/gcc/arm-none-eabi/7.3.1/../../../../arm-none-eabi/lib/thumb/v7e-m/fpv5/hard\libc_nano.a(lib_a-init.o)
                              c:/st/stm32cubeide_1.4.0/stm32cubeide/plugins/com.st.stm32cube.ide.mcu.externaltools.gnu-tools-for-stm32.7-2018-q2-update.win32_1.4.0.202007081208/tools/bin/../lib/gcc/arm-none-eabi/7.3.1/../../../../arm-none-eabi/lib/thumb/v7e-m/fpv5/hard/crt0.o (__libc_init_array)
c:/st/stm32cubeide_1.4.0/stm32cubeide/plugins/com.st.stm32cube.ide.mcu.externaltools.gnu-tools-for-stm32.7-2018-q2-update.win32_1.4.0.202007081208/tools/bin/../lib/gcc/arm-none-eabi/7.3.1/../../../../arm-none-eabi/lib/thumb/v7e-m/fpv5/hard\libc_nano.a(lib_a-memset.o)
                              c:/st/stm32cubeide_1.4.0/stm32cubeide/plugins/com.st.stm32cube.ide.mcu.externaltools.gnu-tools-for-stm32.7-2018-q2-update.win32_1.4.0.202007081208/tools/bin/../lib/gcc/arm-none-eabi/7.3.1/../../../../arm-none-eabi/lib/thumb/v7e-m/fpv5/hard/crt0.o (memset)
c:/st/stm32cubeide_1.4.0/stm32cubeide/plugins/com.st.stm32cube.ide.mcu.externaltools.gnu-tools-for-stm32.7-2018-q2-update.win32_1.4.0.202007081208/tools/bin/../lib/gcc/arm-none-eabi/7.3.1/thumb/v7e-m/fpv5/hard\libgcc.a(_aeabi_uldivmod.o)
                              Drivers/STM32H7xx_HAL_Driver/Src/stm32h7xx_hal_uart.o (__aeabi_uldivmod)
c:/st/stm32cubeide_1.4.0/stm32cubeide/plugins/com.st.stm32cube.ide.mcu.externaltools.gnu-tools-for-stm32.7-2018-q2-update.win32_1.4.0.202007081208/tools/bin/../lib/gcc/arm-none-eabi/7.3.1/thumb/v7e-m/fpv5/hard\libgcc.a(_udivmoddi4.o)
                              c:/st/stm32cubeide_1.4.0/stm32cubeide/plugins/com.st.stm32cube.ide.mcu.externaltools.gnu-tools-for-stm32.7-2018-q2-update.win32_1.4.0.202007081208/tools/bin/../lib/gcc/arm-none-eabi/7.3.1/thumb/v7e-m/fpv5/hard\libgcc.a(_aeabi_uldivmod.o) (__udivmoddi4)
c:/st/stm32cubeide_1.4.0/stm32cubeide/plugins/com.st.stm32cube.ide.mcu.externaltools.gnu-tools-for-stm32.7-2018-q2-update.win32_1.4.0.202007081208/tools/bin/../lib/gcc/arm-none-eabi/7.3.1/thumb/v7e-m/fpv5/hard\libgcc.a(_dvmd_tls.o)
                              c:/st/stm32cubeide_1.4.0/stm32cubeide/plugins/com.st.stm32cube.ide.mcu.externaltools.gnu-tools-for-stm32.7-2018-q2-update.win32_1.4.0.202007081208/tools/bin/../lib/gcc/arm-none-eabi/7.3.1/thumb/v7e-m/fpv5/hard\libgcc.a(_aeabi_uldivmod.o) (__aeabi_ldiv0)

Allocating common symbols
Common symbol       size              file

kBlocks             0x100             Utilities/JPEG/jpeg_utils.o
huart7              0x8c              Core/Src/main.o
hi2c1               0x4c              Core/Src/main.o
hsd1                0x80              Core/Src/main.o
uwTick              0x4               Drivers/STM32H7xx_HAL_Driver/Src/stm32h7xx_hal.o
pFlash              0x1c              Drivers/STM32H7xx_HAL_Driver/Src/stm32h7xx_hal_flash.o
hltdc               0xa8              Core/Src/main.o
hadc1               0x64              Core/Src/main.o
hjpeg               0x58              Core/Src/main.o
hspi1               0x88              Core/Src/main.o
htim2               0x4c              Core/Src/main.o
hhcd_USB_OTG_FS     0x2c4             Core/Src/main.o
hsdram1             0x34              Core/Src/main.o

Discarded input sections

[...]
Memory Configuration

Name             Origin             Length             Attributes
DTCMRAM          0x0000000020000000 0x0000000000020000 xrw
ITCMRAM          0x0000000000000000 0x0000000000010000 xrw
RAM_D1           0x0000000024000000 0x0000000000080000 xrw
RAM_D2           0x0000000030000000 0x0000000000048000 xrw
RAM_D3           0x0000000038000000 0x0000000000010000 xrw
FLASH            0x0000000008000000 0x0000000000200000 xr
*default*        0x0000000000000000 0xffffffffffffffff

Linker script and memory map

LOAD c:/st/stm32cubeide_1.4.0/stm32cubeide/plugins/com.st.stm32cube.ide.mcu.externaltools.gnu-tools-for-stm32.7-2018-q2-update.win32_1.4.0.202007081208/tools/bin/../lib/gcc/arm-none-eabi/7.3.1/thumb/v7e-m/fpv5/hard/crti.o
LOAD c:/st/stm32cubeide_1.4.0/stm32cubeide/plugins/com.st.stm32cube.ide.mcu.externaltools.gnu-tools-for-stm32.7-2018-q2-update.win32_1.4.0.202007081208/tools/bin/../lib/gcc/arm-none-eabi/7.3.1/thumb/v7e-m/fpv5/hard/crtbegin.o
LOAD c:/st/stm32cubeide_1.4.0/stm32cubeide/plugins/com.st.stm32cube.ide.mcu.externaltools.gnu-tools-for-stm32.7-2018-q2-update.win32_1.4.0.202007081208/tools/bin/../lib/gcc/arm-none-eabi/7.3.1/../../../../arm-none-eabi/lib/thumb/v7e-m/fpv5/hard/crt0.o
LOAD Core/Src/main.o
LOAD Core/Src/stm32h7xx_hal_msp.o
LOAD Core/Src/stm32h7xx_it.o
LOAD Core/Src/syscalls.o
LOAD Core/Src/sysmem.o
LOAD Core/Src/system_stm32h7xx.o
LOAD Core/Startup/startup_stm32h743zitx.o
LOAD Drivers/STM32H7xx_HAL_Driver/Src/stm32h7xx_hal.o
LOAD Drivers/STM32H7xx_HAL_Driver/Src/stm32h7xx_hal_adc.o
LOAD Drivers/STM32H7xx_HAL_Driver/Src/stm32h7xx_hal_adc_ex.o
LOAD Drivers/STM32H7xx_HAL_Driver/Src/stm32h7xx_hal_cortex.o
LOAD Drivers/STM32H7xx_HAL_Driver/Src/stm32h7xx_hal_dma.o
LOAD Drivers/STM32H7xx_HAL_Driver/Src/stm32h7xx_hal_dma_ex.o
LOAD Drivers/STM32H7xx_HAL_Driver/Src/stm32h7xx_hal_exti.o
LOAD Drivers/STM32H7xx_HAL_Driver/Src/stm32h7xx_hal_flash.o
LOAD Drivers/STM32H7xx_HAL_Driver/Src/stm32h7xx_hal_flash_ex.o
LOAD Drivers/STM32H7xx_HAL_Driver/Src/stm32h7xx_hal_gpio.o
LOAD Drivers/STM32H7xx_HAL_Driver/Src/stm32h7xx_hal_hcd.o
LOAD Drivers/STM32H7xx_HAL_Driver/Src/stm32h7xx_hal_hsem.o
LOAD Drivers/STM32H7xx_HAL_Driver/Src/stm32h7xx_hal_i2c.o
LOAD Drivers/STM32H7xx_HAL_Driver/Src/stm32h7xx_hal_i2c_ex.o
LOAD Drivers/STM32H7xx_HAL_Driver/Src/stm32h7xx_hal_jpeg.o
LOAD Drivers/STM32H7xx_HAL_Driver/Src/stm32h7xx_hal_ltdc.o
LOAD Drivers/STM32H7xx_HAL_Driver/Src/stm32h7xx_hal_ltdc_ex.o
LOAD Drivers/STM32H7xx_HAL_Driver/Src/stm32h7xx_hal_mdma.o
LOAD Drivers/STM32H7xx_HAL_Driver/Src/stm32h7xx_hal_pwr.o
LOAD Drivers/STM32H7xx_HAL_Driver/Src/stm32h7xx_hal_pwr_ex.o
LOAD Drivers/STM32H7xx_HAL_Driver/Src/stm32h7xx_hal_rcc.o
LOAD Drivers/STM32H7xx_HAL_Driver/Src/stm32h7xx_hal_rcc_ex.o
LOAD Drivers/STM32H7xx_HAL_Driver/Src/stm32h7xx_hal_sd.o
LOAD Drivers/STM32H7xx_HAL_Driver/Src/stm32h7xx_hal_sd_ex.o
LOAD Drivers/STM32H7xx_HAL_Driver/Src/stm32h7xx_hal_sdram.o
LOAD Drivers/STM32H7xx_HAL_Driver/Src/stm32h7xx_hal_spi.o
LOAD Drivers/STM32H7xx_HAL_Driver/Src/stm32h7xx_hal_spi_ex.o
LOAD Drivers/STM32H7xx_HAL_Driver/Src/stm32h7xx_hal_tim.o
LOAD Drivers/STM32H7xx_HAL_Driver/Src/stm32h7xx_hal_tim_ex.o
LOAD Drivers/STM32H7xx_HAL_Driver/Src/stm32h7xx_hal_uart.o
LOAD Drivers/STM32H7xx_HAL_Driver/Src/stm32h7xx_hal_uart_ex.o
LOAD Drivers/STM32H7xx_HAL_Driver/Src/stm32h7xx_ll_delayblock.o
LOAD Drivers/STM32H7xx_HAL_Driver/Src/stm32h7xx_ll_fmc.o
LOAD Drivers/STM32H7xx_HAL_Driver/Src/stm32h7xx_ll_sdmmc.o
LOAD Drivers/STM32H7xx_HAL_Driver/Src/stm32h7xx_ll_usb.o
LOAD Utilities/JPEG/jpeg_utils.o
START GROUP
LOAD c:/st/stm32cubeide_1.4.0/stm32cubeide/plugins/com.st.stm32cube.ide.mcu.externaltools.gnu-tools-for-stm32.7-2018-q2-update.win32_1.4.0.202007081208/tools/bin/../lib/gcc/arm-none-eabi/7.3.1/../../../../arm-none-eabi/lib/thumb/v7e-m/fpv5/hard\libstdc++_nano.a
LOAD c:/st/stm32cubeide_1.4.0/stm32cubeide/plugins/com.st.stm32cube.ide.mcu.externaltools.gnu-tools-for-stm32.7-2018-q2-update.win32_1.4.0.202007081208/tools/bin/../lib/gcc/arm-none-eabi/7.3.1/../../../../arm-none-eabi/lib/thumb/v7e-m/fpv5/hard\libsupc++_nano.a
END GROUP
LOAD c:/st/stm32cubeide_1.4.0/stm32cubeide/plugins/com.st.stm32cube.ide.mcu.externaltools.gnu-tools-for-stm32.7-2018-q2-update.win32_1.4.0.202007081208/tools/bin/../lib/gcc/arm-none-eabi/7.3.1/../../../../arm-none-eabi/lib/thumb/v7e-m/fpv5/hard\libstdc++_nano.a
LOAD c:/st/stm32cubeide_1.4.0/stm32cubeide/plugins/com.st.stm32cube.ide.mcu.externaltools.gnu-tools-for-stm32.7-2018-q2-update.win32_1.4.0.202007081208/tools/bin/../lib/gcc/arm-none-eabi/7.3.1/../../../../arm-none-eabi/lib/thumb/v7e-m/fpv5/hard\libm.a
LOAD c:/st/stm32cubeide_1.4.0/stm32cubeide/plugins/com.st.stm32cube.ide.mcu.externaltools.gnu-tools-for-stm32.7-2018-q2-update.win32_1.4.0.202007081208/tools/bin/../lib/gcc/arm-none-eabi/7.3.1/../../../../arm-none-eabi/lib/thumb/v7e-m/fpv5/hard\libc_nano.a
START GROUP
LOAD c:/st/stm32cubeide_1.4.0/stm32cubeide/plugins/com.st.stm32cube.ide.mcu.externaltools.gnu-tools-for-stm32.7-2018-q2-update.win32_1.4.0.202007081208/tools/bin/../lib/gcc/arm-none-eabi/7.3.1/thumb/v7e-m/fpv5/hard\libgcc.a
LOAD c:/st/stm32cubeide_1.4.0/stm32cubeide/plugins/com.st.stm32cube.ide.mcu.externaltools.gnu-tools-for-stm32.7-2018-q2-update.win32_1.4.0.202007081208/tools/bin/../lib/gcc/arm-none-eabi/7.3.1/../../../../arm-none-eabi/lib/thumb/v7e-m/fpv5/hard\libc_nano.a
END GROUP
START GROUP
LOAD c:/st/stm32cubeide_1.4.0/stm32cubeide/plugins/com.st.stm32cube.ide.mcu.externaltools.gnu-tools-for-stm32.7-2018-q2-update.win32_1.4.0.202007081208/tools/bin/../lib/gcc/arm-none-eabi/7.3.1/thumb/v7e-m/fpv5/hard\libgcc.a
LOAD c:/st/stm32cubeide_1.4.0/stm32cubeide/plugins/com.st.stm32cube.ide.mcu.externaltools.gnu-tools-for-stm32.7-2018-q2-update.win32_1.4.0.202007081208/tools/bin/../lib/gcc/arm-none-eabi/7.3.1/../../../../arm-none-eabi/lib/thumb/v7e-m/fpv5/hard\libc_nano.a
LOAD c:/st/stm32cubeide_1.4.0/stm32cubeide/plugins/com.st.stm32cube.ide.mcu.externaltools.gnu-tools-for-stm32.7-2018-q2-update.win32_1.4.0.202007081208/tools/bin/../lib/gcc/arm-none-eabi/7.3.1/../../../../arm-none-eabi/lib/thumb/v7e-m/fpv5/hard\libnosys.a
END GROUP
START GROUP
LOAD c:/st/stm32cubeide_1.4.0/stm32cubeide/plugins/com.st.stm32cube.ide.mcu.externaltools.gnu-tools-for-stm32.7-2018-q2-update.win32_1.4.0.202007081208/tools/bin/../lib/gcc/arm-none-eabi/7.3.1/thumb/v7e-m/fpv5/hard\libgcc.a
LOAD c:/st/stm32cubeide_1.4.0/stm32cubeide/plugins/com.st.stm32cube.ide.mcu.externaltools.gnu-tools-for-stm32.7-2018-q2-update.win32_1.4.0.202007081208/tools/bin/../lib/gcc/arm-none-eabi/7.3.1/../../../../arm-none-eabi/lib/thumb/v7e-m/fpv5/hard\libc_nano.a
LOAD c:/st/stm32cubeide_1.4.0/stm32cubeide/plugins/com.st.stm32cube.ide.mcu.externaltools.gnu-tools-for-stm32.7-2018-q2-update.win32_1.4.0.202007081208/tools/bin/../lib/gcc/arm-none-eabi/7.3.1/../../../../arm-none-eabi/lib/thumb/v7e-m/fpv5/hard\libnosys.a
END GROUP
LOAD c:/st/stm32cubeide_1.4.0/stm32cubeide/plugins/com.st.stm32cube.ide.mcu.externaltools.gnu-tools-for-stm32.7-2018-q2-update.win32_1.4.0.202007081208/tools/bin/../lib/gcc/arm-none-eabi/7.3.1/thumb/v7e-m/fpv5/hard/crtend.o
LOAD c:/st/stm32cubeide_1.4.0/stm32cubeide/plugins/com.st.stm32cube.ide.mcu.externaltools.gnu-tools-for-stm32.7-2018-q2-update.win32_1.4.0.202007081208/tools/bin/../lib/gcc/arm-none-eabi/7.3.1/thumb/v7e-m/fpv5/hard/crtn.o
                0x0000000024080000                _estack = (ORIGIN (RAM_D1) + LENGTH (RAM_D1))
                0x0000000000000200                _Min_Heap_Size = 0x200
                0x0000000000000400                _Min_Stack_Size = 0x400

.isr_vector     0x0000000008000000      0x298
                0x0000000008000000                . = ALIGN (0x4)
 *(.isr_vector)
 .isr_vector    0x0000000008000000      0x298 Core/Startup/startup_stm32h743zitx.o
                0x0000000008000000                g_pfnVectors
                0x0000000008000298                . = ALIGN (0x4)

.text           0x0000000008000298     0xb084
                0x0000000008000298                . = ALIGN (0x4)
 *(.text)
 .text          0x0000000008000298       0x40 c:/st/stm32cubeide_1.4.0/stm32cubeide/plugins/com.st.stm32cube.ide.mcu.externaltools.gnu-tools-for-stm32.7-2018-q2-update.win32_1.4.0.202007081208/tools/bin/../lib/gcc/arm-none-eabi/7.3.1/thumb/v7e-m/fpv5/hard/crtbegin.o
 .text          0x00000000080002d8       0x30 c:/st/stm32cubeide_1.4.0/stm32cubeide/plugins/com.st.stm32cube.ide.mcu.externaltools.gnu-tools-for-stm32.7-2018-q2-update.win32_1.4.0.202007081208/tools/bin/../lib/gcc/arm-none-eabi/7.3.1/thumb/v7e-m/fpv5/hard\libgcc.a(_aeabi_uldivmod.o)
                0x00000000080002d8                __aeabi_uldivmod
 .text          0x0000000008000308      0x2cc c:/st/stm32cubeide_1.4.0/stm32cubeide/plugins/com.st.stm32cube.ide.mcu.externaltools.gnu-tools-for-stm32.7-2018-q2-update.win32_1.4.0.202007081208/tools/bin/../lib/gcc/arm-none-eabi/7.3.1/thumb/v7e-m/fpv5/hard\libgcc.a(_udivmoddi4.o)
                0x0000000008000308                __udivmoddi4
 .text          0x00000000080005d4        0x4 c:/st/stm32cubeide_1.4.0/stm32cubeide/plugins/com.st.stm32cube.ide.mcu.externaltools.gnu-tools-for-stm32.7-2018-q2-update.win32_1.4.0.202007081208/tools/bin/../lib/gcc/arm-none-eabi/7.3.1/thumb/v7e-m/fpv5/hard\libgcc.a(_dvmd_tls.o)
                0x00000000080005d4                __aeabi_idiv0
                0x00000000080005d4                __aeabi_ldiv0
 *(.text*)
 .text.main     0x00000000080005d8       0x3a Core/Src/main.o
                0x00000000080005d8                main
 *fill*         0x0000000008000612        0x2 
 .text.SystemClock_Config
                0x0000000008000614      0x23c Core/Src/main.o
                0x0000000008000614                SystemClock_Config
 .text.MX_ADC1_Init
                0x0000000008000850       0xf0 Core/Src/main.o
 .text.MX_I2C1_Init
                0x0000000008000940       0x80 Core/Src/main.o
 .text.MX_JPEG_Init
                0x00000000080009c0       0x28 Core/Src/main.o
 .text.MX_LTDC_Init
                0x00000000080009e8      0x164 Core/Src/main.o
 .text.MX_SDMMC1_SD_Init
                0x0000000008000b4c       0x4c Core/Src/main.o
 .text.MX_SPI1_Init
                0x0000000008000b98       0xac Core/Src/main.o
 .text.MX_TIM2_Init
                0x0000000008000c44       0xb4 Core/Src/main.o
 .text.MX_UART7_Init
                0x0000000008000cf8       0xa0 Core/Src/main.o
 .text.MX_USB_OTG_FS_HCD_Init
                0x0000000008000d98       0x44 Core/Src/main.o
 .text.MX_FMC_Init
                0x0000000008000ddc       0x9c Core/Src/main.o
 .text.MX_GPIO_Init
                0x0000000008000e78      0x174 Core/Src/main.o
 .text.Error_Handler
                0x0000000008000fec        0xe Core/Src/main.o
                0x0000000008000fec                Error_Handler
 *fill*         0x0000000008000ffa        0x2 
 .text.HAL_MspInit
                0x0000000008000ffc       0x34 Core/Src/stm32h7xx_hal_msp.o
                0x0000000008000ffc                HAL_MspInit
 .text.HAL_ADC_MspInit
                0x0000000008001030       0x8c Core/Src/stm32h7xx_hal_msp.o
                0x0000000008001030                HAL_ADC_MspInit
 .text.HAL_I2C_MspInit
                0x00000000080010bc       0x94 Core/Src/stm32h7xx_hal_msp.o
                0x00000000080010bc                HAL_I2C_MspInit
 .text.HAL_JPEG_MspInit
                0x0000000008001150       0x44 Core/Src/stm32h7xx_hal_msp.o
                0x0000000008001150                HAL_JPEG_MspInit
 .text.HAL_LTDC_MspInit
                0x0000000008001194      0x28c Core/Src/stm32h7xx_hal_msp.o
                0x0000000008001194                HAL_LTDC_MspInit
 .text.HAL_SD_MspInit
                0x0000000008001420       0xd8 Core/Src/stm32h7xx_hal_msp.o
                0x0000000008001420                HAL_SD_MspInit
 .text.HAL_SPI_MspInit
                0x00000000080014f8      0x118 Core/Src/stm32h7xx_hal_msp.o
                0x00000000080014f8                HAL_SPI_MspInit
 .text.HAL_TIM_PWM_MspInit
                0x0000000008001610       0x40 Core/Src/stm32h7xx_hal_msp.o
                0x0000000008001610                HAL_TIM_PWM_MspInit
 .text.HAL_TIM_MspPostInit
                0x0000000008001650       0x70 Core/Src/stm32h7xx_hal_msp.o
                0x0000000008001650                HAL_TIM_MspPostInit
 .text.HAL_UART_MspInit
                0x00000000080016c0       0x94 Core/Src/stm32h7xx_hal_msp.o
                0x00000000080016c0                HAL_UART_MspInit
 .text.HAL_HCD_MspInit
                0x0000000008001754       0x94 Core/Src/stm32h7xx_hal_msp.o
                0x0000000008001754                HAL_HCD_MspInit
 .text.HAL_FMC_MspInit
                0x00000000080017e8      0x128 Core/Src/stm32h7xx_hal_msp.o
 .text.HAL_SDRAM_MspInit
                0x0000000008001910       0x14 Core/Src/stm32h7xx_hal_msp.o
                0x0000000008001910                HAL_SDRAM_MspInit
 .text.NMI_Handler
                0x0000000008001924        0xe Core/Src/stm32h7xx_it.o
                0x0000000008001924                NMI_Handler
 .text.HardFault_Handler
                0x0000000008001932        0x6 Core/Src/stm32h7xx_it.o
                0x0000000008001932                HardFault_Handler
 .text.MemManage_Handler
                0x0000000008001938        0x6 Core/Src/stm32h7xx_it.o
                0x0000000008001938                MemManage_Handler
 .text.BusFault_Handler
                0x000000000800193e        0x6 Core/Src/stm32h7xx_it.o
                0x000000000800193e                BusFault_Handler
 .text.UsageFault_Handler
                0x0000000008001944        0x6 Core/Src/stm32h7xx_it.o
                0x0000000008001944                UsageFault_Handler
 .text.SVC_Handler
                0x000000000800194a        0xe Core/Src/stm32h7xx_it.o
                0x000000000800194a                SVC_Handler
 .text.DebugMon_Handler
                0x0000000008001958        0xe Core/Src/stm32h7xx_it.o
                0x0000000008001958                DebugMon_Handler
 .text.PendSV_Handler
                0x0000000008001966        0xe Core/Src/stm32h7xx_it.o
                0x0000000008001966                PendSV_Handler
 .text.SysTick_Handler
                0x0000000008001974        0xc Core/Src/stm32h7xx_it.o
                0x0000000008001974                SysTick_Handler
 .text.SystemInit
                0x0000000008001980      0x118 Core/Src/system_stm32h7xx.o
                0x0000000008001980                SystemInit
 .text.Reset_Handler
                0x0000000008001a98       0x50 Core/Startup/startup_stm32h743zitx.o
                0x0000000008001a98                Reset_Handler
 .text.Default_Handler
                0x0000000008001ae8        0x2 Core/Startup/startup_stm32h743zitx.o
                0x0000000008001ae8                RTC_Alarm_IRQHandler
                0x0000000008001ae8                EXTI2_IRQHandler
                0x0000000008001ae8                TIM8_CC_IRQHandler
                0x0000000008001ae8                HRTIM1_Master_IRQHandler
                0x0000000008001ae8                UART8_IRQHandler
                0x0000000008001ae8                SPI4_IRQHandler
                0x0000000008001ae8                TIM1_CC_IRQHandler
                0x0000000008001ae8                BDMA_Channel6_IRQHandler
                0x0000000008001ae8                DMA2_Stream5_IRQHandler
                0x0000000008001ae8                HRTIM1_FLT_IRQHandler
                0x0000000008001ae8                JPEG_IRQHandler
                0x0000000008001ae8                DMA1_Stream5_IRQHandler
                0x0000000008001ae8                BDMA_Channel1_IRQHandler
                0x0000000008001ae8                HRTIM1_TIMD_IRQHandler
                0x0000000008001ae8                TAMP_STAMP_IRQHandler
                0x0000000008001ae8                EXTI3_IRQHandler
                0x0000000008001ae8                LPTIM4_IRQHandler
                0x0000000008001ae8                TIM8_TRG_COM_TIM14_IRQHandler
                0x0000000008001ae8                LPTIM2_IRQHandler
                0x0000000008001ae8                DFSDM1_FLT1_IRQHandler
                0x0000000008001ae8                DMAMUX2_OVR_IRQHandler
                0x0000000008001ae8                TIM8_UP_TIM13_IRQHandler
                0x0000000008001ae8                I2C3_ER_IRQHandler
                0x0000000008001ae8                DFSDM1_FLT2_IRQHandler
                0x0000000008001ae8                MDMA_IRQHandler
                0x0000000008001ae8                LPTIM3_IRQHandler
                0x0000000008001ae8                HSEM1_IRQHandler
                0x0000000008001ae8                EXTI0_IRQHandler
                0x0000000008001ae8                I2C2_EV_IRQHandler
                0x0000000008001ae8                DMA1_Stream2_IRQHandler
                0x0000000008001ae8                FPU_IRQHandler
                0x0000000008001ae8                OTG_HS_WKUP_IRQHandler
                0x0000000008001ae8                FDCAN1_IT1_IRQHandler
                0x0000000008001ae8                LTDC_ER_IRQHandler
                0x0000000008001ae8                DMA2_Stream2_IRQHandler
                0x0000000008001ae8                HRTIM1_TIME_IRQHandler
                0x0000000008001ae8                SPI1_IRQHandler
                0x0000000008001ae8                TIM6_DAC_IRQHandler
                0x0000000008001ae8                DCMI_IRQHandler
                0x0000000008001ae8                HRTIM1_TIMC_IRQHandler
                0x0000000008001ae8                DMA2_Stream3_IRQHandler
                0x0000000008001ae8                SAI2_IRQHandler
                0x0000000008001ae8                DFSDM1_FLT3_IRQHandler
                0x0000000008001ae8                USART6_IRQHandler
                0x0000000008001ae8                TIM17_IRQHandler
                0x0000000008001ae8                USART3_IRQHandler
                0x0000000008001ae8                BDMA_Channel7_IRQHandler
                0x0000000008001ae8                LPTIM5_IRQHandler
                0x0000000008001ae8                UART5_IRQHandler
                0x0000000008001ae8                ADC3_IRQHandler
                0x0000000008001ae8                DMA2_Stream0_IRQHandler
                0x0000000008001ae8                TIM4_IRQHandler
                0x0000000008001ae8                BDMA_Channel2_IRQHandler
                0x0000000008001ae8                QUADSPI_IRQHandler
                0x0000000008001ae8                I2C1_EV_IRQHandler
                0x0000000008001ae8                DMA1_Stream6_IRQHandler
                0x0000000008001ae8                DMAMUX1_OVR_IRQHandler
                0x0000000008001ae8                DMA1_Stream1_IRQHandler
                0x0000000008001ae8                TIM16_IRQHandler
                0x0000000008001ae8                UART4_IRQHandler
                0x0000000008001ae8                BDMA_Channel5_IRQHandler
                0x0000000008001ae8                TIM3_IRQHandler
                0x0000000008001ae8                RCC_IRQHandler
                0x0000000008001ae8                TIM8_BRK_TIM12_IRQHandler
                0x0000000008001ae8                TIM1_TRG_COM_IRQHandler
                0x0000000008001ae8                Default_Handler
                0x0000000008001ae8                ECC_IRQHandler
                0x0000000008001ae8                CEC_IRQHandler
                0x0000000008001ae8                EXTI15_10_IRQHandler
                0x0000000008001ae8                BDMA_Channel0_IRQHandler
                0x0000000008001ae8                ADC_IRQHandler
                0x0000000008001ae8                DMA1_Stream7_IRQHandler
                0x0000000008001ae8                HRTIM1_TIMA_IRQHandler
                0x0000000008001ae8                SPI5_IRQHandler
                0x0000000008001ae8                TIM7_IRQHandler
                0x0000000008001ae8                SDMMC1_IRQHandler
                0x0000000008001ae8                TIM5_IRQHandler
                0x0000000008001ae8                DMA2_Stream7_IRQHandler
                0x0000000008001ae8                TIM15_IRQHandler
                0x0000000008001ae8                PVD_AVD_IRQHandler
                0x0000000008001ae8                I2C3_EV_IRQHandler
                0x0000000008001ae8                EXTI9_5_IRQHandler
                0x0000000008001ae8                RTC_WKUP_IRQHandler
                0x0000000008001ae8                LTDC_IRQHandler
                0x0000000008001ae8                SAI3_IRQHandler
                0x0000000008001ae8                ETH_WKUP_IRQHandler
                0x0000000008001ae8                SPDIF_RX_IRQHandler
                0x0000000008001ae8                SPI2_IRQHandler
                0x0000000008001ae8                OTG_HS_EP1_IN_IRQHandler
                0x0000000008001ae8                DMA1_Stream0_IRQHandler
                0x0000000008001ae8                CRS_IRQHandler
                0x0000000008001ae8                EXTI4_IRQHandler
                0x0000000008001ae8                RNG_IRQHandler
                0x0000000008001ae8                HRTIM1_TIMB_IRQHandler
                0x0000000008001ae8                FDCAN2_IT1_IRQHandler
                0x0000000008001ae8                ETH_IRQHandler
                0x0000000008001ae8                TIM1_UP_IRQHandler
                0x0000000008001ae8                BDMA_Channel4_IRQHandler
                0x0000000008001ae8                OTG_HS_EP1_OUT_IRQHandler
                0x0000000008001ae8                WWDG_IRQHandler
                0x0000000008001ae8                SPI6_IRQHandler
                0x0000000008001ae8                MDIOS_IRQHandler
                0x0000000008001ae8                I2C4_EV_IRQHandler
                0x0000000008001ae8                FDCAN2_IT0_IRQHandler
                0x0000000008001ae8                LPUART1_IRQHandler
                0x0000000008001ae8                FDCAN1_IT0_IRQHandler
                0x0000000008001ae8                TIM2_IRQHandler
                0x0000000008001ae8                OTG_FS_WKUP_IRQHandler
                0x0000000008001ae8                OTG_HS_IRQHandler
                0x0000000008001ae8                DMA2D_IRQHandler
                0x0000000008001ae8                TIM1_BRK_IRQHandler
                0x0000000008001ae8                EXTI1_IRQHandler
                0x0000000008001ae8                SDMMC2_IRQHandler
                0x0000000008001ae8                OTG_FS_EP1_OUT_IRQHandler
                0x0000000008001ae8                BDMA_Channel3_IRQHandler
                0x0000000008001ae8                UART7_IRQHandler
                0x0000000008001ae8                MDIOS_WKUP_IRQHandler
                0x0000000008001ae8                USART2_IRQHandler
                0x0000000008001ae8                DFSDM1_FLT0_IRQHandler
                0x0000000008001ae8                SAI4_IRQHandler
                0x0000000008001ae8                I2C2_ER_IRQHandler
                0x0000000008001ae8                DMA2_Stream1_IRQHandler
                0x0000000008001ae8                FLASH_IRQHandler
                0x0000000008001ae8                DMA2_Stream4_IRQHandler
                0x0000000008001ae8                USART1_IRQHandler
                0x0000000008001ae8                OTG_FS_IRQHandler
                0x0000000008001ae8                SPI3_IRQHandler
                0x0000000008001ae8                WAKEUP_PIN_IRQHandler
                0x0000000008001ae8                DMA1_Stream4_IRQHandler
                0x0000000008001ae8                OTG_FS_EP1_IN_IRQHandler
                0x0000000008001ae8                I2C1_ER_IRQHandler
                0x0000000008001ae8                FMC_IRQHandler
                0x0000000008001ae8                FDCAN_CAL_IRQHandler
                0x0000000008001ae8                SWPMI1_IRQHandler
                0x0000000008001ae8                COMP1_IRQHandler
                0x0000000008001ae8                LPTIM1_IRQHandler
                0x0000000008001ae8                I2C4_ER_IRQHandler
                0x0000000008001ae8                DMA2_Stream6_IRQHandler
                0x0000000008001ae8                SAI1_IRQHandler
                0x0000000008001ae8                DMA1_Stream3_IRQHandler
 *fill*         0x0000000008001aea        0x2 
 .text.HAL_Init
                0x0000000008001aec       0x78 Drivers/STM32H7xx_HAL_Driver/Src/stm32h7xx_hal.o
                0x0000000008001aec                HAL_Init
 .text.HAL_InitTick
                0x0000000008001b64       0x6c Drivers/STM32H7xx_HAL_Driver/Src/stm32h7xx_hal.o
                0x0000000008001b64                HAL_InitTick
 .text.HAL_IncTick
                0x0000000008001bd0       0x28 Drivers/STM32H7xx_HAL_Driver/Src/stm32h7xx_hal.o
                0x0000000008001bd0                HAL_IncTick
 .text.HAL_GetTick
                0x0000000008001bf8       0x18 Drivers/STM32H7xx_HAL_Driver/Src/stm32h7xx_hal.o
                0x0000000008001bf8                HAL_GetTick
 .text.HAL_Delay
                0x0000000008001c10       0x44 Drivers/STM32H7xx_HAL_Driver/Src/stm32h7xx_hal.o
                0x0000000008001c10                HAL_Delay
 .text.HAL_GetREVID
                0x0000000008001c54       0x18 Drivers/STM32H7xx_HAL_Driver/Src/stm32h7xx_hal.o
                0x0000000008001c54                HAL_GetREVID
 .text.LL_ADC_SetCommonClock
                0x0000000008001c6c       0x26 Drivers/STM32H7xx_HAL_Driver/Src/stm32h7xx_hal_adc.o
 .text.LL_ADC_SetCommonPathInternalCh
                0x0000000008001c92       0x26 Drivers/STM32H7xx_HAL_Driver/Src/stm32h7xx_hal_adc.o
 .text.LL_ADC_GetCommonPathInternalCh
                0x0000000008001cb8       0x1c Drivers/STM32H7xx_HAL_Driver/Src/stm32h7xx_hal_adc.o
 .text.LL_ADC_SetOffset
                0x0000000008001cd4       0x40 Drivers/STM32H7xx_HAL_Driver/Src/stm32h7xx_hal_adc.o
 .text.LL_ADC_SetDataRightShift
                0x0000000008001d14       0x32 Drivers/STM32H7xx_HAL_Driver/Src/stm32h7xx_hal_adc.o
 .text.LL_ADC_SetOffsetSignedSaturation
                0x0000000008001d46       0x36 Drivers/STM32H7xx_HAL_Driver/Src/stm32h7xx_hal_adc.o
 .text.LL_ADC_REG_SetSequencerRanks
                0x0000000008001d7c       0x58 Drivers/STM32H7xx_HAL_Driver/Src/stm32h7xx_hal_adc.o
 .text.LL_ADC_SetChannelSamplingTime
                0x0000000008001dd4       0x56 Drivers/STM32H7xx_HAL_Driver/Src/stm32h7xx_hal_adc.o
 *fill*         0x0000000008001e2a        0x2 
 .text.LL_ADC_SetChannelSingleDiff
                0x0000000008001e2c       0x48 Drivers/STM32H7xx_HAL_Driver/Src/stm32h7xx_hal_adc.o
 .text.LL_ADC_DisableDeepPowerDown
                0x0000000008001e74       0x24 Drivers/STM32H7xx_HAL_Driver/Src/stm32h7xx_hal_adc.o
 .text.LL_ADC_IsDeepPowerDownEnabled
                0x0000000008001e98       0x28 Drivers/STM32H7xx_HAL_Driver/Src/stm32h7xx_hal_adc.o
 .text.LL_ADC_EnableInternalRegulator
                0x0000000008001ec0       0x28 Drivers/STM32H7xx_HAL_Driver/Src/stm32h7xx_hal_adc.o
 .text.LL_ADC_IsInternalRegulatorEnabled
                0x0000000008001ee8       0x28 Drivers/STM32H7xx_HAL_Driver/Src/stm32h7xx_hal_adc.o
 .text.LL_ADC_IsEnabled
                0x0000000008001f10       0x26 Drivers/STM32H7xx_HAL_Driver/Src/stm32h7xx_hal_adc.o
 .text.LL_ADC_REG_IsConversionOngoing
                0x0000000008001f36       0x26 Drivers/STM32H7xx_HAL_Driver/Src/stm32h7xx_hal_adc.o
 .text.LL_ADC_INJ_IsConversionOngoing
                0x0000000008001f5c       0x26 Drivers/STM32H7xx_HAL_Driver/Src/stm32h7xx_hal_adc.o
 *fill*         0x0000000008001f82        0x2 
 .text.HAL_ADC_Init
                0x0000000008001f84      0x340 Drivers/STM32H7xx_HAL_Driver/Src/stm32h7xx_hal_adc.o
                0x0000000008001f84                HAL_ADC_Init
 .text.HAL_ADC_ConfigChannel
                0x00000000080022c4      0x628 Drivers/STM32H7xx_HAL_Driver/Src/stm32h7xx_hal_adc.o
                0x00000000080022c4                HAL_ADC_ConfigChannel
 .text.ADC_ConfigureBoostMode
                0x00000000080028ec      0x1f0 Drivers/STM32H7xx_HAL_Driver/Src/stm32h7xx_hal_adc.o
                0x00000000080028ec                ADC_ConfigureBoostMode
 .text.LL_ADC_IsEnabled
                0x0000000008002adc       0x26 Drivers/STM32H7xx_HAL_Driver/Src/stm32h7xx_hal_adc_ex.o
 .text.LL_ADC_REG_IsConversionOngoing
                0x0000000008002b02       0x26 Drivers/STM32H7xx_HAL_Driver/Src/stm32h7xx_hal_adc_ex.o
 .text.HAL_ADCEx_MultiModeConfigChannel
                0x0000000008002b28      0x1b4 Drivers/STM32H7xx_HAL_Driver/Src/stm32h7xx_hal_adc_ex.o
                0x0000000008002b28                HAL_ADCEx_MultiModeConfigChannel
 .text.__NVIC_SetPriorityGrouping
                0x0000000008002cdc       0x48 Drivers/STM32H7xx_HAL_Driver/Src/stm32h7xx_hal_cortex.o
 .text.__NVIC_GetPriorityGrouping
                0x0000000008002d24       0x1c Drivers/STM32H7xx_HAL_Driver/Src/stm32h7xx_hal_cortex.o
 .text.__NVIC_SetPriority
                0x0000000008002d40       0x54 Drivers/STM32H7xx_HAL_Driver/Src/stm32h7xx_hal_cortex.o
 .text.NVIC_EncodePriority
                0x0000000008002d94       0x66 Drivers/STM32H7xx_HAL_Driver/Src/stm32h7xx_hal_cortex.o
 *fill*         0x0000000008002dfa        0x2 
 .text.SysTick_Config
                0x0000000008002dfc       0x44 Drivers/STM32H7xx_HAL_Driver/Src/stm32h7xx_hal_cortex.o
 .text.HAL_NVIC_SetPriorityGrouping
                0x0000000008002e40       0x16 Drivers/STM32H7xx_HAL_Driver/Src/stm32h7xx_hal_cortex.o
                0x0000000008002e40                HAL_NVIC_SetPriorityGrouping
 .text.HAL_NVIC_SetPriority
                0x0000000008002e56       0x34 Drivers/STM32H7xx_HAL_Driver/Src/stm32h7xx_hal_cortex.o
                0x0000000008002e56                HAL_NVIC_SetPriority
 .text.HAL_SYSTICK_Config
                0x0000000008002e8a       0x18 Drivers/STM32H7xx_HAL_Driver/Src/stm32h7xx_hal_cortex.o
                0x0000000008002e8a                HAL_SYSTICK_Config
 *fill*         0x0000000008002ea2        0x2 
 .text.HAL_GPIO_Init
                0x0000000008002ea4      0x360 Drivers/STM32H7xx_HAL_Driver/Src/stm32h7xx_hal_gpio.o
                0x0000000008002ea4                HAL_GPIO_Init
 .text.HAL_GPIO_WritePin
                0x0000000008003204       0x32 Drivers/STM32H7xx_HAL_Driver/Src/stm32h7xx_hal_gpio.o
                0x0000000008003204                HAL_GPIO_WritePin
 .text.HAL_HCD_Init
                0x0000000008003236       0xc4 Drivers/STM32H7xx_HAL_Driver/Src/stm32h7xx_hal_hcd.o
                0x0000000008003236                HAL_HCD_Init
 *fill*         0x00000000080032fa        0x2 
 .text.HAL_I2C_Init
                0x00000000080032fc      0x120 Drivers/STM32H7xx_HAL_Driver/Src/stm32h7xx_hal_i2c.o
                0x00000000080032fc                HAL_I2C_Init
 .text.HAL_I2CEx_ConfigAnalogFilter
                0x000000000800341c       0x96 Drivers/STM32H7xx_HAL_Driver/Src/stm32h7xx_hal_i2c_ex.o
                0x000000000800341c                HAL_I2CEx_ConfigAnalogFilter
 .text.HAL_I2CEx_ConfigDigitalFilter
                0x00000000080034b2       0x98 Drivers/STM32H7xx_HAL_Driver/Src/stm32h7xx_hal_i2c_ex.o
                0x00000000080034b2                HAL_I2CEx_ConfigDigitalFilter
 *fill*         0x000000000800354a        0x2 
 .text.HAL_JPEG_Init
                0x000000000800354c      0x104 Drivers/STM32H7xx_HAL_Driver/Src/stm32h7xx_hal_jpeg.o
                0x000000000800354c                HAL_JPEG_Init
 .text.JPEG_Bits_To_SizeCodes
                0x0000000008003650       0xea Drivers/STM32H7xx_HAL_Driver/Src/stm32h7xx_hal_jpeg.o
 .text.JPEG_ACHuff_BitsVals_To_SizeCodes
                0x000000000800373a      0x110 Drivers/STM32H7xx_HAL_Driver/Src/stm32h7xx_hal_jpeg.o
 .text.JPEG_DCHuff_BitsVals_To_SizeCodes
                0x000000000800384a       0xba Drivers/STM32H7xx_HAL_Driver/Src/stm32h7xx_hal_jpeg.o
 .text.JPEG_Set_HuffDC_Mem
                0x0000000008003904      0x108 Drivers/STM32H7xx_HAL_Driver/Src/stm32h7xx_hal_jpeg.o
 .text.JPEG_Set_HuffAC_Mem
                0x0000000008003a0c      0x1c4 Drivers/STM32H7xx_HAL_Driver/Src/stm32h7xx_hal_jpeg.o
 .text.JPEG_Set_HuffEnc_Mem
                0x0000000008003bd0       0xa8 Drivers/STM32H7xx_HAL_Driver/Src/stm32h7xx_hal_jpeg.o
 .text.JPEG_Set_Huff_DHTMem
                0x0000000008003c78      0x45c Drivers/STM32H7xx_HAL_Driver/Src/stm32h7xx_hal_jpeg.o
 .text.HAL_LTDC_Init
                0x00000000080040d4      0x1a0 Drivers/STM32H7xx_HAL_Driver/Src/stm32h7xx_hal_ltdc.o
                0x00000000080040d4                HAL_LTDC_Init
 .text.HAL_LTDC_ConfigLayer
                0x0000000008004274       0x7c Drivers/STM32H7xx_HAL_Driver/Src/stm32h7xx_hal_ltdc.o
                0x0000000008004274                HAL_LTDC_ConfigLayer
 .text.LTDC_SetConfig
                0x00000000080042f0      0x334 Drivers/STM32H7xx_HAL_Driver/Src/stm32h7xx_hal_ltdc.o
 .text.HAL_PWREx_ConfigSupply
                0x0000000008004624       0x74 Drivers/STM32H7xx_HAL_Driver/Src/stm32h7xx_hal_pwr_ex.o
                0x0000000008004624                HAL_PWREx_ConfigSupply
 .text.HAL_PWREx_EnableUSBVoltageDetector
                0x0000000008004698       0x20 Drivers/STM32H7xx_HAL_Driver/Src/stm32h7xx_hal_pwr_ex.o
                0x0000000008004698                HAL_PWREx_EnableUSBVoltageDetector
 .text.HAL_RCC_OscConfig
                0x00000000080046b8      0x820 Drivers/STM32H7xx_HAL_Driver/Src/stm32h7xx_hal_rcc.o
                0x00000000080046b8                HAL_RCC_OscConfig
 .text.HAL_RCC_ClockConfig
                0x0000000008004ed8      0x36c Drivers/STM32H7xx_HAL_Driver/Src/stm32h7xx_hal_rcc.o
                0x0000000008004ed8                HAL_RCC_ClockConfig
 .text.HAL_RCC_GetSysClockFreq
                0x0000000008005244      0x2e4 Drivers/STM32H7xx_HAL_Driver/Src/stm32h7xx_hal_rcc.o
                0x0000000008005244                HAL_RCC_GetSysClockFreq
 .text.HAL_RCC_GetHCLKFreq
                0x0000000008005528       0x60 Drivers/STM32H7xx_HAL_Driver/Src/stm32h7xx_hal_rcc.o
                0x0000000008005528                HAL_RCC_GetHCLKFreq
 .text.HAL_RCC_GetPCLK1Freq
                0x0000000008005588       0x2c Drivers/STM32H7xx_HAL_Driver/Src/stm32h7xx_hal_rcc.o
                0x0000000008005588                HAL_RCC_GetPCLK1Freq
 .text.HAL_RCC_GetPCLK2Freq
                0x00000000080055b4       0x2c Drivers/STM32H7xx_HAL_Driver/Src/stm32h7xx_hal_rcc.o
                0x00000000080055b4                HAL_RCC_GetPCLK2Freq
 .text.HAL_RCCEx_PeriphCLKConfig
                0x00000000080055e0      0xddc Drivers/STM32H7xx_HAL_Driver/Src/stm32h7xx_hal_rcc_ex.o
                0x00000000080055e0                HAL_RCCEx_PeriphCLKConfig
 .text.HAL_RCCEx_GetPeriphCLKFreq
                0x00000000080063bc      0x4f0 Drivers/STM32H7xx_HAL_Driver/Src/stm32h7xx_hal_rcc_ex.o
                0x00000000080063bc                HAL_RCCEx_GetPeriphCLKFreq
 .text.HAL_RCCEx_GetD3PCLK1Freq
                0x00000000080068ac       0x2c Drivers/STM32H7xx_HAL_Driver/Src/stm32h7xx_hal_rcc_ex.o
                0x00000000080068ac                HAL_RCCEx_GetD3PCLK1Freq
 .text.HAL_RCCEx_GetPLL2ClockFreq
                0x00000000080068d8      0x298 Drivers/STM32H7xx_HAL_Driver/Src/stm32h7xx_hal_rcc_ex.o
                0x00000000080068d8                HAL_RCCEx_GetPLL2ClockFreq
 .text.HAL_RCCEx_GetPLL3ClockFreq
                0x0000000008006b70      0x298 Drivers/STM32H7xx_HAL_Driver/Src/stm32h7xx_hal_rcc_ex.o
                0x0000000008006b70                HAL_RCCEx_GetPLL3ClockFreq
 .text.HAL_RCCEx_GetPLL1ClockFreq
                0x0000000008006e08      0x298 Drivers/STM32H7xx_HAL_Driver/Src/stm32h7xx_hal_rcc_ex.o
                0x0000000008006e08                HAL_RCCEx_GetPLL1ClockFreq
 .text.RCCEx_PLL2_Config
                0x00000000080070a0      0x164 Drivers/STM32H7xx_HAL_Driver/Src/stm32h7xx_hal_rcc_ex.o
 .text.RCCEx_PLL3_Config
                0x0000000008007204      0x164 Drivers/STM32H7xx_HAL_Driver/Src/stm32h7xx_hal_rcc_ex.o
 .text.HAL_SD_Init
                0x0000000008007368      0x114 Drivers/STM32H7xx_HAL_Driver/Src/stm32h7xx_hal_sd.o
                0x0000000008007368                HAL_SD_Init
 .text.HAL_SD_InitCard
                0x000000000800747c      0x134 Drivers/STM32H7xx_HAL_Driver/Src/stm32h7xx_hal_sd.o
                0x000000000800747c                HAL_SD_InitCard
 .text.HAL_SD_DriveTransceiver_1_8V_Callback
                0x00000000080075b0       0x16 Drivers/STM32H7xx_HAL_Driver/Src/stm32h7xx_hal_sd.o
                0x00000000080075b0                HAL_SD_DriveTransceiver_1_8V_Callback
 *fill*         0x00000000080075c6        0x2 
 .text.HAL_SD_GetCardCSD
                0x00000000080075c8      0x348 Drivers/STM32H7xx_HAL_Driver/Src/stm32h7xx_hal_sd.o
                0x00000000080075c8                HAL_SD_GetCardCSD
 .text.HAL_SD_GetCardStatus
                0x0000000008007910      0x16c Drivers/STM32H7xx_HAL_Driver/Src/stm32h7xx_hal_sd.o
                0x0000000008007910                HAL_SD_GetCardStatus
 .text.HAL_SD_ConfigWideBusOperation
                0x0000000008007a7c      0x154 Drivers/STM32H7xx_HAL_Driver/Src/stm32h7xx_hal_sd.o
                0x0000000008007a7c                HAL_SD_ConfigWideBusOperation
 .text.HAL_SD_GetCardState
                0x0000000008007bd0       0x40 Drivers/STM32H7xx_HAL_Driver/Src/stm32h7xx_hal_sd.o
                0x0000000008007bd0                HAL_SD_GetCardState
 .text.SD_InitCard
                0x0000000008007c10      0x17c Drivers/STM32H7xx_HAL_Driver/Src/stm32h7xx_hal_sd.o
 .text.SD_PowerON
                0x0000000008007d8c      0x210 Drivers/STM32H7xx_HAL_Driver/Src/stm32h7xx_hal_sd.o
 .text.SD_SendSDStatus
                0x0000000008007f9c      0x1a0 Drivers/STM32H7xx_HAL_Driver/Src/stm32h7xx_hal_sd.o
 .text.SD_SendStatus
                0x000000000800813c       0x50 Drivers/STM32H7xx_HAL_Driver/Src/stm32h7xx_hal_sd.o
 .text.SD_WideBus_Enable
                0x000000000800818c       0x96 Drivers/STM32H7xx_HAL_Driver/Src/stm32h7xx_hal_sd.o
 .text.SD_WideBus_Disable
                0x0000000008008222       0x96 Drivers/STM32H7xx_HAL_Driver/Src/stm32h7xx_hal_sd.o
 .text.SD_FindSCR
                0x00000000080082b8      0x1a0 Drivers/STM32H7xx_HAL_Driver/Src/stm32h7xx_hal_sd.o
 .text.HAL_SDRAM_Init
                0x0000000008008458       0x78 Drivers/STM32H7xx_HAL_Driver/Src/stm32h7xx_hal_sdram.o
                0x0000000008008458                HAL_SDRAM_Init
 .text.HAL_SPI_Init
                0x00000000080084d0      0x1f0 Drivers/STM32H7xx_HAL_Driver/Src/stm32h7xx_hal_spi.o
                0x00000000080084d0                HAL_SPI_Init
 .text.SPI_GetPacketSize
                0x00000000080086c0       0x36 Drivers/STM32H7xx_HAL_Driver/Src/stm32h7xx_hal_spi.o
 .text.HAL_TIM_PWM_Init
                0x00000000080086f6       0xae Drivers/STM32H7xx_HAL_Driver/Src/stm32h7xx_hal_tim.o
                0x00000000080086f6                HAL_TIM_PWM_Init
 .text.HAL_TIM_PWM_ConfigChannel
                0x00000000080087a4      0x220 Drivers/STM32H7xx_HAL_Driver/Src/stm32h7xx_hal_tim.o
                0x00000000080087a4                HAL_TIM_PWM_ConfigChannel
 .text.TIM_Base_SetConfig
                0x00000000080089c4      0x134 Drivers/STM32H7xx_HAL_Driver/Src/stm32h7xx_hal_tim.o
                0x00000000080089c4                TIM_Base_SetConfig
 .text.TIM_OC1_SetConfig
                0x0000000008008af8      0x120 Drivers/STM32H7xx_HAL_Driver/Src/stm32h7xx_hal_tim.o
 .text.TIM_OC2_SetConfig
                0x0000000008008c18      0x114 Drivers/STM32H7xx_HAL_Driver/Src/stm32h7xx_hal_tim.o
                0x0000000008008c18                TIM_OC2_SetConfig
 .text.TIM_OC3_SetConfig
                0x0000000008008d2c      0x10c Drivers/STM32H7xx_HAL_Driver/Src/stm32h7xx_hal_tim.o
 .text.TIM_OC4_SetConfig
                0x0000000008008e38       0xd0 Drivers/STM32H7xx_HAL_Driver/Src/stm32h7xx_hal_tim.o
 .text.TIM_OC5_SetConfig
                0x0000000008008f08       0xc4 Drivers/STM32H7xx_HAL_Driver/Src/stm32h7xx_hal_tim.o
 .text.TIM_OC6_SetConfig
                0x0000000008008fcc       0xc8 Drivers/STM32H7xx_HAL_Driver/Src/stm32h7xx_hal_tim.o
 .text.HAL_TIMEx_MasterConfigSynchronization
                0x0000000008009094      0x110 Drivers/STM32H7xx_HAL_Driver/Src/stm32h7xx_hal_tim_ex.o
                0x0000000008009094                HAL_TIMEx_MasterConfigSynchronization
 .text.UART_SetConfig
                0x00000000080091a4      0xb60 Drivers/STM32H7xx_HAL_Driver/Src/stm32h7xx_hal_uart.o
                0x00000000080091a4                UART_SetConfig
 .text.UART_AdvFeatureConfig
                0x0000000008009d04      0x144 Drivers/STM32H7xx_HAL_Driver/Src/stm32h7xx_hal_uart.o
                0x0000000008009d04                UART_AdvFeatureConfig
 .text.UART_CheckIdleState
                0x0000000008009e48       0x90 Drivers/STM32H7xx_HAL_Driver/Src/stm32h7xx_hal_uart.o
                0x0000000008009e48                UART_CheckIdleState
 .text.UART_WaitOnFlagUntilTimeout
                0x0000000008009ed8      0x100 Drivers/STM32H7xx_HAL_Driver/Src/stm32h7xx_hal_uart.o
                0x0000000008009ed8                UART_WaitOnFlagUntilTimeout
 .text.HAL_RS485Ex_Init
                0x0000000008009fd8       0xd4 Drivers/STM32H7xx_HAL_Driver/Src/stm32h7xx_hal_uart_ex.o
                0x0000000008009fd8                HAL_RS485Ex_Init
 .text.HAL_UARTEx_DisableFifoMode
                0x000000000800a0ac       0x72 Drivers/STM32H7xx_HAL_Driver/Src/stm32h7xx_hal_uart_ex.o
                0x000000000800a0ac                HAL_UARTEx_DisableFifoMode
 .text.HAL_UARTEx_SetTxFifoThreshold
                0x000000000800a11e       0x7c Drivers/STM32H7xx_HAL_Driver/Src/stm32h7xx_hal_uart_ex.o
                0x000000000800a11e                HAL_UARTEx_SetTxFifoThreshold
 .text.HAL_UARTEx_SetRxFifoThreshold
                0x000000000800a19a       0x7c Drivers/STM32H7xx_HAL_Driver/Src/stm32h7xx_hal_uart_ex.o
                0x000000000800a19a                HAL_UARTEx_SetRxFifoThreshold
 *fill*         0x000000000800a216        0x2 
 .text.UARTEx_SetNbDataToProcess
                0x000000000800a218       0xd0 Drivers/STM32H7xx_HAL_Driver/Src/stm32h7xx_hal_uart_ex.o
 .text.FMC_SDRAM_Init
                0x000000000800a2e8       0xb8 Drivers/STM32H7xx_HAL_Driver/Src/stm32h7xx_ll_fmc.o
                0x000000000800a2e8                FMC_SDRAM_Init
 .text.FMC_SDRAM_Timing_Init
                0x000000000800a3a0       0xd4 Drivers/STM32H7xx_HAL_Driver/Src/stm32h7xx_ll_fmc.o
                0x000000000800a3a0                FMC_SDRAM_Timing_Init
 .text.SDMMC_Init
                0x000000000800a474       0x54 Drivers/STM32H7xx_HAL_Driver/Src/stm32h7xx_ll_sdmmc.o
                0x000000000800a474                SDMMC_Init
 .text.SDMMC_ReadFIFO
                0x000000000800a4c8       0x1a Drivers/STM32H7xx_HAL_Driver/Src/stm32h7xx_ll_sdmmc.o
                0x000000000800a4c8                SDMMC_ReadFIFO
 .text.SDMMC_PowerState_ON
                0x000000000800a4e2       0x22 Drivers/STM32H7xx_HAL_Driver/Src/stm32h7xx_ll_sdmmc.o
                0x000000000800a4e2                SDMMC_PowerState_ON
 .text.SDMMC_GetPowerState
                0x000000000800a504       0x1c Drivers/STM32H7xx_HAL_Driver/Src/stm32h7xx_ll_sdmmc.o
                0x000000000800a504                SDMMC_GetPowerState
 .text.SDMMC_SendCommand
                0x000000000800a520       0x54 Drivers/STM32H7xx_HAL_Driver/Src/stm32h7xx_ll_sdmmc.o
                0x000000000800a520                SDMMC_SendCommand
 .text.SDMMC_GetCommandResponse
                0x000000000800a574       0x1a Drivers/STM32H7xx_HAL_Driver/Src/stm32h7xx_ll_sdmmc.o
                0x000000000800a574                SDMMC_GetCommandResponse
 .text.SDMMC_GetResponse
                0x000000000800a58e       0x26 Drivers/STM32H7xx_HAL_Driver/Src/stm32h7xx_ll_sdmmc.o
                0x000000000800a58e                SDMMC_GetResponse
 .text.SDMMC_ConfigData
                0x000000000800a5b4       0x58 Drivers/STM32H7xx_HAL_Driver/Src/stm32h7xx_ll_sdmmc.o
                0x000000000800a5b4                SDMMC_ConfigData
 .text.SDMMC_CmdBlockLength
                0x000000000800a60c       0x46 Drivers/STM32H7xx_HAL_Driver/Src/stm32h7xx_ll_sdmmc.o
                0x000000000800a60c                SDMMC_CmdBlockLength
 .text.SDMMC_CmdSelDesel
                0x000000000800a652       0x48 Drivers/STM32H7xx_HAL_Driver/Src/stm32h7xx_ll_sdmmc.o
                0x000000000800a652                SDMMC_CmdSelDesel
 .text.SDMMC_CmdGoIdleState
                0x000000000800a69a       0x3c Drivers/STM32H7xx_HAL_Driver/Src/stm32h7xx_ll_sdmmc.o
                0x000000000800a69a                SDMMC_CmdGoIdleState
 .text.SDMMC_CmdOperCond
                0x000000000800a6d6       0x40 Drivers/STM32H7xx_HAL_Driver/Src/stm32h7xx_ll_sdmmc.o
                0x000000000800a6d6                SDMMC_CmdOperCond
 .text.SDMMC_CmdAppCommand
                0x000000000800a716       0x46 Drivers/STM32H7xx_HAL_Driver/Src/stm32h7xx_ll_sdmmc.o
                0x000000000800a716                SDMMC_CmdAppCommand
 .text.SDMMC_CmdAppOperCommand
                0x000000000800a75c       0x40 Drivers/STM32H7xx_HAL_Driver/Src/stm32h7xx_ll_sdmmc.o
                0x000000000800a75c                SDMMC_CmdAppOperCommand
 .text.SDMMC_CmdBusWidth
                0x000000000800a79c       0x46 Drivers/STM32H7xx_HAL_Driver/Src/stm32h7xx_ll_sdmmc.o
                0x000000000800a79c                SDMMC_CmdBusWidth
 .text.SDMMC_CmdSendSCR
                0x000000000800a7e2       0x44 Drivers/STM32H7xx_HAL_Driver/Src/stm32h7xx_ll_sdmmc.o
                0x000000000800a7e2                SDMMC_CmdSendSCR
 .text.SDMMC_CmdSendCID
                0x000000000800a826       0x3e Drivers/STM32H7xx_HAL_Driver/Src/stm32h7xx_ll_sdmmc.o
                0x000000000800a826                SDMMC_CmdSendCID
 .text.SDMMC_CmdSendCSD
                0x000000000800a864       0x40 Drivers/STM32H7xx_HAL_Driver/Src/stm32h7xx_ll_sdmmc.o
                0x000000000800a864                SDMMC_CmdSendCSD
 .text.SDMMC_CmdSetRelAdd
                0x000000000800a8a4       0x44 Drivers/STM32H7xx_HAL_Driver/Src/stm32h7xx_ll_sdmmc.o
                0x000000000800a8a4                SDMMC_CmdSetRelAdd
 .text.SDMMC_CmdSendStatus
                0x000000000800a8e8       0x46 Drivers/STM32H7xx_HAL_Driver/Src/stm32h7xx_ll_sdmmc.o
                0x000000000800a8e8                SDMMC_CmdSendStatus
 .text.SDMMC_CmdStatusRegister
                0x000000000800a92e       0x44 Drivers/STM32H7xx_HAL_Driver/Src/stm32h7xx_ll_sdmmc.o
                0x000000000800a92e                SDMMC_CmdStatusRegister
 .text.SDMMC_CmdVoltageSwitch
                0x000000000800a972       0x44 Drivers/STM32H7xx_HAL_Driver/Src/stm32h7xx_ll_sdmmc.o
                0x000000000800a972                SDMMC_CmdVoltageSwitch
 *fill*         0x000000000800a9b6        0x2 
 .text.SDMMC_GetCmdError
                0x000000000800a9b8       0x5c Drivers/STM32H7xx_HAL_Driver/Src/stm32h7xx_ll_sdmmc.o
 .text.SDMMC_GetCmdResp1
                0x000000000800aa14      0x1e4 Drivers/STM32H7xx_HAL_Driver/Src/stm32h7xx_ll_sdmmc.o
 .text.SDMMC_GetCmdResp2
                0x000000000800abf8       0x94 Drivers/STM32H7xx_HAL_Driver/Src/stm32h7xx_ll_sdmmc.o
 .text.SDMMC_GetCmdResp3
                0x000000000800ac8c       0x80 Drivers/STM32H7xx_HAL_Driver/Src/stm32h7xx_ll_sdmmc.o
 .text.SDMMC_GetCmdResp6
                0x000000000800ad0c       0xf0 Drivers/STM32H7xx_HAL_Driver/Src/stm32h7xx_ll_sdmmc.o
 .text.SDMMC_GetCmdResp7
                0x000000000800adfc       0x9c Drivers/STM32H7xx_HAL_Driver/Src/stm32h7xx_ll_sdmmc.o
 .text.USB_CoreInit
                0x000000000800ae98       0xc4 Drivers/STM32H7xx_HAL_Driver/Src/stm32h7xx_ll_usb.o
                0x000000000800ae98                USB_CoreInit
 .text.USB_DisableGlobalInt
                0x000000000800af5c       0x22 Drivers/STM32H7xx_HAL_Driver/Src/stm32h7xx_ll_usb.o
                0x000000000800af5c                USB_DisableGlobalInt
 .text.USB_SetCurrentMode
                0x000000000800af7e       0x54 Drivers/STM32H7xx_HAL_Driver/Src/stm32h7xx_ll_usb.o
                0x000000000800af7e                USB_SetCurrentMode
 *fill*         0x000000000800afd2        0x2 
 .text.USB_FlushTxFifo
                0x000000000800afd4       0x4c Drivers/STM32H7xx_HAL_Driver/Src/stm32h7xx_ll_usb.o
                0x000000000800afd4                USB_FlushTxFifo
 .text.USB_FlushRxFifo
                0x000000000800b020       0x44 Drivers/STM32H7xx_HAL_Driver/Src/stm32h7xx_ll_usb.o
                0x000000000800b020                USB_FlushRxFifo
 .text.USB_CoreReset
                0x000000000800b064       0x68 Drivers/STM32H7xx_HAL_Driver/Src/stm32h7xx_ll_usb.o
 .text.USB_HostInit
                0x000000000800b0cc      0x16c Drivers/STM32H7xx_HAL_Driver/Src/stm32h7xx_ll_usb.o
                0x000000000800b0cc                USB_HostInit
 .text.USB_DriveVbus
                0x000000000800b238       0x72 Drivers/STM32H7xx_HAL_Driver/Src/stm32h7xx_ll_usb.o
                0x000000000800b238                USB_DriveVbus
 *fill*         0x000000000800b2aa        0x2 
 .text.__libc_init_array
                0x000000000800b2ac       0x48 c:/st/stm32cubeide_1.4.0/stm32cubeide/plugins/com.st.stm32cube.ide.mcu.externaltools.gnu-tools-for-stm32.7-2018-q2-update.win32_1.4.0.202007081208/tools/bin/../lib/gcc/arm-none-eabi/7.3.1/../../../../arm-none-eabi/lib/thumb/v7e-m/fpv5/hard\libc_nano.a(lib_a-init.o)
                0x000000000800b2ac                __libc_init_array
 .text.memset   0x000000000800b2f4       0x10 c:/st/stm32cubeide_1.4.0/stm32cubeide/plugins/com.st.stm32cube.ide.mcu.externaltools.gnu-tools-for-stm32.7-2018-q2-update.win32_1.4.0.202007081208/tools/bin/../lib/gcc/arm-none-eabi/7.3.1/../../../../arm-none-eabi/lib/thumb/v7e-m/fpv5/hard\libc_nano.a(lib_a-memset.o)
                0x000000000800b2f4                memset
 *(.glue_7)
 .glue_7        0x000000000800b304        0x0 linker stubs
 *(.glue_7t)
 .glue_7t       0x000000000800b304        0x0 linker stubs
 *(.eh_frame)
 .eh_frame      0x000000000800b304        0x0 c:/st/stm32cubeide_1.4.0/stm32cubeide/plugins/com.st.stm32cube.ide.mcu.externaltools.gnu-tools-for-stm32.7-2018-q2-update.win32_1.4.0.202007081208/tools/bin/../lib/gcc/arm-none-eabi/7.3.1/thumb/v7e-m/fpv5/hard/crtbegin.o
 *(.init)
 .init          0x000000000800b304        0x4 c:/st/stm32cubeide_1.4.0/stm32cubeide/plugins/com.st.stm32cube.ide.mcu.externaltools.gnu-tools-for-stm32.7-2018-q2-update.win32_1.4.0.202007081208/tools/bin/../lib/gcc/arm-none-eabi/7.3.1/thumb/v7e-m/fpv5/hard/crti.o
                0x000000000800b304                _init
 .init          0x000000000800b308        0x8 c:/st/stm32cubeide_1.4.0/stm32cubeide/plugins/com.st.stm32cube.ide.mcu.externaltools.gnu-tools-for-stm32.7-2018-q2-update.win32_1.4.0.202007081208/tools/bin/../lib/gcc/arm-none-eabi/7.3.1/thumb/v7e-m/fpv5/hard/crtn.o
 *(.fini)
 .fini          0x000000000800b310        0x4 c:/st/stm32cubeide_1.4.0/stm32cubeide/plugins/com.st.stm32cube.ide.mcu.externaltools.gnu-tools-for-stm32.7-2018-q2-update.win32_1.4.0.202007081208/tools/bin/../lib/gcc/arm-none-eabi/7.3.1/thumb/v7e-m/fpv5/hard/crti.o
                0x000000000800b310                _fini
 .fini          0x000000000800b314        0x8 c:/st/stm32cubeide_1.4.0/stm32cubeide/plugins/com.st.stm32cube.ide.mcu.externaltools.gnu-tools-for-stm32.7-2018-q2-update.win32_1.4.0.202007081208/tools/bin/../lib/gcc/arm-none-eabi/7.3.1/thumb/v7e-m/fpv5/hard/crtn.o
                0x000000000800b31c                . = ALIGN (0x4)
                0x000000000800b31c                _etext = .

.vfp11_veneer   0x000000000800b31c        0x0
 .vfp11_veneer  0x000000000800b31c        0x0 linker stubs

.v4_bx          0x000000000800b31c        0x0
 .v4_bx         0x000000000800b31c        0x0 linker stubs

.iplt           0x000000000800b31c        0x0
 .iplt          0x000000000800b31c        0x0 c:/st/stm32cubeide_1.4.0/stm32cubeide/plugins/com.st.stm32cube.ide.mcu.externaltools.gnu-tools-for-stm32.7-2018-q2-update.win32_1.4.0.202007081208/tools/bin/../lib/gcc/arm-none-eabi/7.3.1/thumb/v7e-m/fpv5/hard/crtbegin.o

.rodata         0x000000000800b31c      0x258
                0x000000000800b31c                . = ALIGN (0x4)
 *(.rodata)
 .rodata        0x000000000800b31c       0x10 Drivers/STM32H7xx_HAL_Driver/Src/stm32h7xx_hal_uart_ex.o
 *(.rodata*)
 .rodata.D1CorePrescTable
                0x000000000800b32c       0x10 Core/Src/system_stm32h7xx.o
                0x000000000800b32c                D1CorePrescTable
 .rodata.JPEG_DCLUM_HuffTable
                0x000000000800b33c       0x1c Drivers/STM32H7xx_HAL_Driver/Src/stm32h7xx_hal_jpeg.o
 .rodata.JPEG_DCCHROM_HuffTable
                0x000000000800b358       0x1c Drivers/STM32H7xx_HAL_Driver/Src/stm32h7xx_hal_jpeg.o
 .rodata.JPEG_ACLUM_HuffTable
                0x000000000800b374       0xb2 Drivers/STM32H7xx_HAL_Driver/Src/stm32h7xx_hal_jpeg.o
 *fill*         0x000000000800b426        0x2 
 .rodata.JPEG_ACCHROM_HuffTable
                0x000000000800b428       0xb2 Drivers/STM32H7xx_HAL_Driver/Src/stm32h7xx_hal_jpeg.o
 *fill*         0x000000000800b4da        0x2 
 .rodata.JPEG_LUM_QuantTable.12920
                0x000000000800b4dc       0x40 Drivers/STM32H7xx_HAL_Driver/Src/stm32h7xx_hal_jpeg.o
 .rodata.JPEG_CHROM_QuantTable.12921
                0x000000000800b51c       0x40 Drivers/STM32H7xx_HAL_Driver/Src/stm32h7xx_hal_jpeg.o
 .rodata.UARTPrescTable
                0x000000000800b55c       0x18 Drivers/STM32H7xx_HAL_Driver/Src/stm32h7xx_hal_uart.o
                0x000000000800b55c                UARTPrescTable
                0x000000000800b574                . = ALIGN (0x4)

.ARM.extab      0x000000000800b574        0x0
                0x000000000800b574                . = ALIGN (0x4)
 *(.ARM.extab* .gnu.linkonce.armextab.*)
                0x000000000800b574                . = ALIGN (0x4)

.ARM            0x000000000800b574        0x8
                0x000000000800b574                . = ALIGN (0x4)
                0x000000000800b574                __exidx_start = .
 *(.ARM.exidx*)
 .ARM.exidx     0x000000000800b574        0x8 c:/st/stm32cubeide_1.4.0/stm32cubeide/plugins/com.st.stm32cube.ide.mcu.externaltools.gnu-tools-for-stm32.7-2018-q2-update.win32_1.4.0.202007081208/tools/bin/../lib/gcc/arm-none-eabi/7.3.1/thumb/v7e-m/fpv5/hard\libgcc.a(_udivmoddi4.o)
                0x000000000800b57c                __exidx_end = .
                0x000000000800b57c                . = ALIGN (0x4)

.rel.dyn        0x000000000800b57c        0x0
 .rel.iplt      0x000000000800b57c        0x0 c:/st/stm32cubeide_1.4.0/stm32cubeide/plugins/com.st.stm32cube.ide.mcu.externaltools.gnu-tools-for-stm32.7-2018-q2-update.win32_1.4.0.202007081208/tools/bin/../lib/gcc/arm-none-eabi/7.3.1/thumb/v7e-m/fpv5/hard/crtbegin.o

.preinit_array  0x000000000800b57c        0x0
                0x000000000800b57c                . = ALIGN (0x4)
                0x000000000800b57c                PROVIDE (__preinit_array_start = .)
 *(.preinit_array*)
                0x000000000800b57c                PROVIDE (__preinit_array_end = .)
                0x000000000800b57c                . = ALIGN (0x4)

.init_array     0x000000000800b57c        0x4
                0x000000000800b57c                . = ALIGN (0x4)
                0x000000000800b57c                PROVIDE (__init_array_start = .)
 *(SORT_BY_NAME(.init_array.*))
 *(.init_array*)
 .init_array    0x000000000800b57c        0x4 c:/st/stm32cubeide_1.4.0/stm32cubeide/plugins/com.st.stm32cube.ide.mcu.externaltools.gnu-tools-for-stm32.7-2018-q2-update.win32_1.4.0.202007081208/tools/bin/../lib/gcc/arm-none-eabi/7.3.1/thumb/v7e-m/fpv5/hard/crtbegin.o
                0x000000000800b580                PROVIDE (__init_array_end = .)
                0x000000000800b580                . = ALIGN (0x4)

.fini_array     0x000000000800b580        0x4
                0x000000000800b580                . = ALIGN (0x4)
                [!provide]                        PROVIDE (__fini_array_start = .)
 *(SORT_BY_NAME(.fini_array.*))
 *(.fini_array*)
 .fini_array    0x000000000800b580        0x4 c:/st/stm32cubeide_1.4.0/stm32cubeide/plugins/com.st.stm32cube.ide.mcu.externaltools.gnu-tools-for-stm32.7-2018-q2-update.win32_1.4.0.202007081208/tools/bin/../lib/gcc/arm-none-eabi/7.3.1/thumb/v7e-m/fpv5/hard/crtbegin.o
                [!provide]                        PROVIDE (__fini_array_end = .)
                0x000000000800b584                . = ALIGN (0x4)
                0x000000000800b584                _sidata = LOADADDR (.data)

.data           0x0000000024000000       0x10 load address 0x000000000800b584
                0x0000000024000000                . = ALIGN (0x4)
                0x0000000024000000                _sdata = .
 *(.data)
 *(.data*)
 .data.SystemCoreClock
                0x0000000024000000        0x4 Core/Src/system_stm32h7xx.o
                0x0000000024000000                SystemCoreClock
 .data.SystemD2Clock
                0x0000000024000004        0x4 Core/Src/system_stm32h7xx.o
                0x0000000024000004                SystemD2Clock
 .data.uwTickPrio
                0x0000000024000008        0x4 Drivers/STM32H7xx_HAL_Driver/Src/stm32h7xx_hal.o
                0x0000000024000008                uwTickPrio
 .data.uwTickFreq
                0x000000002400000c        0x1 Drivers/STM32H7xx_HAL_Driver/Src/stm32h7xx_hal.o
                0x000000002400000c                uwTickFreq
                0x0000000024000010                . = ALIGN (0x4)
 *fill*         0x000000002400000d        0x3 
                0x0000000024000010                _edata = .

.igot.plt       0x0000000024000010        0x0 load address 0x000000000800b594
 .igot.plt      0x0000000024000010        0x0 c:/st/stm32cubeide_1.4.0/stm32cubeide/plugins/com.st.stm32cube.ide.mcu.externaltools.gnu-tools-for-stm32.7-2018-q2-update.win32_1.4.0.202007081208/tools/bin/../lib/gcc/arm-none-eabi/7.3.1/thumb/v7e-m/fpv5/hard/crtbegin.o
                0x0000000024000010                . = ALIGN (0x4)

.bss            0x0000000024000010      0x6ac load address 0x000000000800b594
                0x0000000024000010                _sbss = .
                0x0000000024000010                __bss_start__ = _sbss
 *(.bss)
 .bss           0x0000000024000010       0x1c c:/st/stm32cubeide_1.4.0/stm32cubeide/plugins/com.st.stm32cube.ide.mcu.externaltools.gnu-tools-for-stm32.7-2018-q2-update.win32_1.4.0.202007081208/tools/bin/../lib/gcc/arm-none-eabi/7.3.1/thumb/v7e-m/fpv5/hard/crtbegin.o
 *(.bss*)
 .bss.FMC_Initialized
                0x000000002400002c        0x4 Core/Src/stm32h7xx_hal_msp.o
 *(COMMON)
 COMMON         0x0000000024000030      0x688 Core/Src/main.o
                0x0000000024000030                huart7
                0x00000000240000bc                hi2c1
                0x0000000024000108                hsd1
                0x0000000024000188                hltdc
                0x0000000024000230                hadc1
                0x0000000024000294                hjpeg
                0x00000000240002ec                hspi1
                0x0000000024000374                htim2
                0x00000000240003c0                hhcd_USB_OTG_FS
                0x0000000024000684                hsdram1
 COMMON         0x00000000240006b8        0x4 Drivers/STM32H7xx_HAL_Driver/Src/stm32h7xx_hal.o
                0x00000000240006b8                uwTick
                0x00000000240006bc                . = ALIGN (0x4)
                0x00000000240006bc                _ebss = .
                0x00000000240006bc                __bss_end__ = _ebss

._user_heap_stack
                0x00000000240006bc      0x604 load address 0x000000000800b594
                0x00000000240006c0                . = ALIGN (0x8)
 *fill*         0x00000000240006bc        0x4 
                [!provide]                        PROVIDE (end = .)
                0x00000000240006c0                PROVIDE (_end = .)
                0x00000000240008c0                . = (. + _Min_Heap_Size)
 *fill*         0x00000000240006c0      0x200 
                0x0000000024000cc0                . = (. + _Min_Stack_Size)
 *fill*         0x00000000240008c0      0x400 
                0x0000000024000cc0                . = ALIGN (0x8)

/DISCARD/
 libc.a(*)
 libm.a(*)
 libgcc.a(*)

.ARM.attributes
                0x0000000000000000       0x2e
 *(.ARM.attributes)
 .ARM.attributes
                0x0000000000000000       0x20 c:/st/stm32cubeide_1.4.0/stm32cubeide/plugins/com.st.stm32cube.ide.mcu.externaltools.gnu-tools-for-stm32.7-2018-q2-update.win32_1.4.0.202007081208/tools/bin/../lib/gcc/arm-none-eabi/7.3.1/thumb/v7e-m/fpv5/hard/crti.o
 .ARM.attributes
                0x0000000000000020       0x32 c:/st/stm32cubeide_1.4.0/stm32cubeide/plugins/com.st.stm32cube.ide.mcu.externaltools.gnu-tools-for-stm32.7-2018-q2-update.win32_1.4.0.202007081208/tools/bin/../lib/gcc/arm-none-eabi/7.3.1/thumb/v7e-m/fpv5/hard/crtbegin.o
 .ARM.attributes
                0x0000000000000052       0x37 Core/Src/main.o
 .ARM.attributes
                0x0000000000000089       0x37 Core/Src/stm32h7xx_hal_msp.o
 .ARM.attributes
                0x00000000000000c0       0x37 Core/Src/stm32h7xx_it.o
 .ARM.attributes
                0x00000000000000f7       0x37 Core/Src/system_stm32h7xx.o
 .ARM.attributes
                0x000000000000012e       0x21 Core/Startup/startup_stm32h743zitx.o
 .ARM.attributes
                0x000000000000014f       0x37 Drivers/STM32H7xx_HAL_Driver/Src/stm32h7xx_hal.o
 .ARM.attributes
                0x0000000000000186       0x37 Drivers/STM32H7xx_HAL_Driver/Src/stm32h7xx_hal_adc.o
 .ARM.attributes
                0x00000000000001bd       0x37 Drivers/STM32H7xx_HAL_Driver/Src/stm32h7xx_hal_adc_ex.o
 .ARM.attributes
                0x00000000000001f4       0x37 Drivers/STM32H7xx_HAL_Driver/Src/stm32h7xx_hal_cortex.o
 .ARM.attributes
                0x000000000000022b       0x37 Drivers/STM32H7xx_HAL_Driver/Src/stm32h7xx_hal_gpio.o
 .ARM.attributes
                0x0000000000000262       0x37 Drivers/STM32H7xx_HAL_Driver/Src/stm32h7xx_hal_hcd.o
 .ARM.attributes
                0x0000000000000299       0x37 Drivers/STM32H7xx_HAL_Driver/Src/stm32h7xx_hal_i2c.o
 .ARM.attributes
                0x00000000000002d0       0x37 Drivers/STM32H7xx_HAL_Driver/Src/stm32h7xx_hal_i2c_ex.o
 .ARM.attributes
                0x0000000000000307       0x37 Drivers/STM32H7xx_HAL_Driver/Src/stm32h7xx_hal_jpeg.o
 .ARM.attributes
                0x000000000000033e       0x37 Drivers/STM32H7xx_HAL_Driver/Src/stm32h7xx_hal_ltdc.o
 .ARM.attributes
                0x0000000000000375       0x37 Drivers/STM32H7xx_HAL_Driver/Src/stm32h7xx_hal_pwr_ex.o
 .ARM.attributes
                0x00000000000003ac       0x37 Drivers/STM32H7xx_HAL_Driver/Src/stm32h7xx_hal_rcc.o
 .ARM.attributes
                0x00000000000003e3       0x37 Drivers/STM32H7xx_HAL_Driver/Src/stm32h7xx_hal_rcc_ex.o
 .ARM.attributes
                0x000000000000041a       0x37 Drivers/STM32H7xx_HAL_Driver/Src/stm32h7xx_hal_sd.o
 .ARM.attributes
                0x0000000000000451       0x37 Drivers/STM32H7xx_HAL_Driver/Src/stm32h7xx_hal_sdram.o
 .ARM.attributes
                0x0000000000000488       0x37 Drivers/STM32H7xx_HAL_Driver/Src/stm32h7xx_hal_spi.o
 .ARM.attributes
                0x00000000000004bf       0x37 Drivers/STM32H7xx_HAL_Driver/Src/stm32h7xx_hal_tim.o
 .ARM.attributes
                0x00000000000004f6       0x37 Drivers/STM32H7xx_HAL_Driver/Src/stm32h7xx_hal_tim_ex.o
 .ARM.attributes
                0x000000000000052d       0x37 Drivers/STM32H7xx_HAL_Driver/Src/stm32h7xx_hal_uart.o
 .ARM.attributes
                0x0000000000000564       0x37 Drivers/STM32H7xx_HAL_Driver/Src/stm32h7xx_hal_uart_ex.o
 .ARM.attributes
                0x000000000000059b       0x37 Drivers/STM32H7xx_HAL_Driver/Src/stm32h7xx_ll_fmc.o
 .ARM.attributes
                0x00000000000005d2       0x37 Drivers/STM32H7xx_HAL_Driver/Src/stm32h7xx_ll_sdmmc.o
 .ARM.attributes
                0x0000000000000609       0x37 Drivers/STM32H7xx_HAL_Driver/Src/stm32h7xx_ll_usb.o
 .ARM.attributes
                0x0000000000000640       0x32 c:/st/stm32cubeide_1.4.0/stm32cubeide/plugins/com.st.stm32cube.ide.mcu.externaltools.gnu-tools-for-stm32.7-2018-q2-update.win32_1.4.0.202007081208/tools/bin/../lib/gcc/arm-none-eabi/7.3.1/../../../../arm-none-eabi/lib/thumb/v7e-m/fpv5/hard\libc_nano.a(lib_a-init.o)
 .ARM.attributes
                0x0000000000000672       0x32 c:/st/stm32cubeide_1.4.0/stm32cubeide/plugins/com.st.stm32cube.ide.mcu.externaltools.gnu-tools-for-stm32.7-2018-q2-update.win32_1.4.0.202007081208/tools/bin/../lib/gcc/arm-none-eabi/7.3.1/../../../../arm-none-eabi/lib/thumb/v7e-m/fpv5/hard\libc_nano.a(lib_a-memset.o)
 .ARM.attributes
                0x00000000000006a4       0x20 c:/st/stm32cubeide_1.4.0/stm32cubeide/plugins/com.st.stm32cube.ide.mcu.externaltools.gnu-tools-for-stm32.7-2018-q2-update.win32_1.4.0.202007081208/tools/bin/../lib/gcc/arm-none-eabi/7.3.1/thumb/v7e-m/fpv5/hard\libgcc.a(_aeabi_uldivmod.o)
 .ARM.attributes
                0x00000000000006c4       0x32 c:/st/stm32cubeide_1.4.0/stm32cubeide/plugins/com.st.stm32cube.ide.mcu.externaltools.gnu-tools-for-stm32.7-2018-q2-update.win32_1.4.0.202007081208/tools/bin/../lib/gcc/arm-none-eabi/7.3.1/thumb/v7e-m/fpv5/hard\libgcc.a(_udivmoddi4.o)
 .ARM.attributes
                0x00000000000006f6       0x20 c:/st/stm32cubeide_1.4.0/stm32cubeide/plugins/com.st.stm32cube.ide.mcu.externaltools.gnu-tools-for-stm32.7-2018-q2-update.win32_1.4.0.202007081208/tools/bin/../lib/gcc/arm-none-eabi/7.3.1/thumb/v7e-m/fpv5/hard\libgcc.a(_dvmd_tls.o)
 .ARM.attributes
                0x0000000000000716       0x20 c:/st/stm32cubeide_1.4.0/stm32cubeide/plugins/com.st.stm32cube.ide.mcu.externaltools.gnu-tools-for-stm32.7-2018-q2-update.win32_1.4.0.202007081208/tools/bin/../lib/gcc/arm-none-eabi/7.3.1/thumb/v7e-m/fpv5/hard/crtn.o
OUTPUT(EmbeddedPC.elf elf32-littlearm)

.debug_info     0x0000000000000000    0x35cb7
 .debug_info    0x0000000000000000     0x42d1 Core/Src/main.o
 .debug_info    0x00000000000042d1     0x3e11 Core/Src/stm32h7xx_hal_msp.o
 .debug_info    0x00000000000080e2      0xb72 Core/Src/stm32h7xx_it.o
 .debug_info    0x0000000000008c54     0x161d Core/Src/system_stm32h7xx.o
 .debug_info    0x000000000000a271       0x22 Core/Startup/startup_stm32h743zitx.o
 .debug_info    0x000000000000a293     0x1e3c Drivers/STM32H7xx_HAL_Driver/Src/stm32h7xx_hal.o
 .debug_info    0x000000000000c0cf     0x25f0 Drivers/STM32H7xx_HAL_Driver/Src/stm32h7xx_hal_adc.o
 .debug_info    0x000000000000e6bf     0x26d1 Drivers/STM32H7xx_HAL_Driver/Src/stm32h7xx_hal_adc_ex.o
 .debug_info    0x0000000000010d90     0x1ab0 Drivers/STM32H7xx_HAL_Driver/Src/stm32h7xx_hal_cortex.o
 .debug_info    0x0000000000012840     0x1666 Drivers/STM32H7xx_HAL_Driver/Src/stm32h7xx_hal_gpio.o
 .debug_info    0x0000000000013ea6     0x17d9 Drivers/STM32H7xx_HAL_Driver/Src/stm32h7xx_hal_hcd.o
 .debug_info    0x000000000001567f     0x2ab5 Drivers/STM32H7xx_HAL_Driver/Src/stm32h7xx_hal_i2c.o
 .debug_info    0x0000000000018134     0x173a Drivers/STM32H7xx_HAL_Driver/Src/stm32h7xx_hal_i2c_ex.o
 .debug_info    0x000000000001986e     0x2554 Drivers/STM32H7xx_HAL_Driver/Src/stm32h7xx_hal_jpeg.o
 .debug_info    0x000000000001bdc2     0x1a47 Drivers/STM32H7xx_HAL_Driver/Src/stm32h7xx_hal_ltdc.o
 .debug_info    0x000000000001d809     0x1951 Drivers/STM32H7xx_HAL_Driver/Src/stm32h7xx_hal_pwr_ex.o
 .debug_info    0x000000000001f15a     0x17c7 Drivers/STM32H7xx_HAL_Driver/Src/stm32h7xx_hal_rcc.o
 .debug_info    0x0000000000020921     0x1b37 Drivers/STM32H7xx_HAL_Driver/Src/stm32h7xx_hal_rcc_ex.o
 .debug_info    0x0000000000022458     0x21e1 Drivers/STM32H7xx_HAL_Driver/Src/stm32h7xx_hal_sd.o
 .debug_info    0x0000000000024639     0x1894 Drivers/STM32H7xx_HAL_Driver/Src/stm32h7xx_hal_sdram.o
 .debug_info    0x0000000000025ecd     0x1dc6 Drivers/STM32H7xx_HAL_Driver/Src/stm32h7xx_hal_spi.o
 .debug_info    0x0000000000027c93     0x334d Drivers/STM32H7xx_HAL_Driver/Src/stm32h7xx_hal_tim.o
 .debug_info    0x000000000002afe0     0x1fa3 Drivers/STM32H7xx_HAL_Driver/Src/stm32h7xx_hal_tim_ex.o
 .debug_info    0x000000000002cf83     0x24aa Drivers/STM32H7xx_HAL_Driver/Src/stm32h7xx_hal_uart.o
 .debug_info    0x000000000002f42d     0x14a9 Drivers/STM32H7xx_HAL_Driver/Src/stm32h7xx_hal_uart_ex.o
 .debug_info    0x00000000000308d6     0x15c1 Drivers/STM32H7xx_HAL_Driver/Src/stm32h7xx_ll_fmc.o
 .debug_info    0x0000000000031e97     0x1b7e Drivers/STM32H7xx_HAL_Driver/Src/stm32h7xx_ll_sdmmc.o
 .debug_info    0x0000000000033a15     0x22a2 Drivers/STM32H7xx_HAL_Driver/Src/stm32h7xx_ll_usb.o

.debug_abbrev   0x0000000000000000     0x4977
 .debug_abbrev  0x0000000000000000      0x2c4 Core/Src/main.o
 .debug_abbrev  0x00000000000002c4      0x2ed Core/Src/stm32h7xx_hal_msp.o
 .debug_abbrev  0x00000000000005b1      0x1c9 Core/Src/stm32h7xx_it.o
 .debug_abbrev  0x000000000000077a      0x22e Core/Src/system_stm32h7xx.o
 .debug_abbrev  0x00000000000009a8       0x12 Core/Startup/startup_stm32h743zitx.o
 .debug_abbrev  0x00000000000009ba      0x2d9 Drivers/STM32H7xx_HAL_Driver/Src/stm32h7xx_hal.o
 .debug_abbrev  0x0000000000000c93      0x2c8 Drivers/STM32H7xx_HAL_Driver/Src/stm32h7xx_hal_adc.o
 .debug_abbrev  0x0000000000000f5b      0x306 Drivers/STM32H7xx_HAL_Driver/Src/stm32h7xx_hal_adc_ex.o
 .debug_abbrev  0x0000000000001261      0x3b5 Drivers/STM32H7xx_HAL_Driver/Src/stm32h7xx_hal_cortex.o
 .debug_abbrev  0x0000000000001616      0x28f Drivers/STM32H7xx_HAL_Driver/Src/stm32h7xx_hal_gpio.o
 .debug_abbrev  0x00000000000018a5      0x2e3 Drivers/STM32H7xx_HAL_Driver/Src/stm32h7xx_hal_hcd.o
 .debug_abbrev  0x0000000000001b88      0x2ac Drivers/STM32H7xx_HAL_Driver/Src/stm32h7xx_hal_i2c.o
 .debug_abbrev  0x0000000000001e34      0x266 Drivers/STM32H7xx_HAL_Driver/Src/stm32h7xx_hal_i2c_ex.o
 .debug_abbrev  0x000000000000209a      0x2e2 Drivers/STM32H7xx_HAL_Driver/Src/stm32h7xx_hal_jpeg.o
 .debug_abbrev  0x000000000000237c      0x2ad Drivers/STM32H7xx_HAL_Driver/Src/stm32h7xx_hal_ltdc.o
 .debug_abbrev  0x0000000000002629      0x311 Drivers/STM32H7xx_HAL_Driver/Src/stm32h7xx_hal_pwr_ex.o
 .debug_abbrev  0x000000000000293a      0x2e2 Drivers/STM32H7xx_HAL_Driver/Src/stm32h7xx_hal_rcc.o
 .debug_abbrev  0x0000000000002c1c      0x2db Drivers/STM32H7xx_HAL_Driver/Src/stm32h7xx_hal_rcc_ex.o
 .debug_abbrev  0x0000000000002ef7      0x2bf Drivers/STM32H7xx_HAL_Driver/Src/stm32h7xx_hal_sd.o
 .debug_abbrev  0x00000000000031b6      0x273 Drivers/STM32H7xx_HAL_Driver/Src/stm32h7xx_hal_sdram.o
 .debug_abbrev  0x0000000000003429      0x2d5 Drivers/STM32H7xx_HAL_Driver/Src/stm32h7xx_hal_spi.o
 .debug_abbrev  0x00000000000036fe      0x2bd Drivers/STM32H7xx_HAL_Driver/Src/stm32h7xx_hal_tim.o
 .debug_abbrev  0x00000000000039bb      0x2c3 Drivers/STM32H7xx_HAL_Driver/Src/stm32h7xx_hal_tim_ex.o
 .debug_abbrev  0x0000000000003c7e      0x2bb Drivers/STM32H7xx_HAL_Driver/Src/stm32h7xx_hal_uart.o
 .debug_abbrev  0x0000000000003f39      0x26f Drivers/STM32H7xx_HAL_Driver/Src/stm32h7xx_hal_uart_ex.o
 .debug_abbrev  0x00000000000041a8      0x23f Drivers/STM32H7xx_HAL_Driver/Src/stm32h7xx_ll_fmc.o
 .debug_abbrev  0x00000000000043e7      0x286 Drivers/STM32H7xx_HAL_Driver/Src/stm32h7xx_ll_sdmmc.o
 .debug_abbrev  0x000000000000466d      0x30a Drivers/STM32H7xx_HAL_Driver/Src/stm32h7xx_ll_usb.o

.debug_aranges  0x0000000000000000     0x2318
 .debug_aranges
                0x0000000000000000       0x88 Core/Src/main.o
 .debug_aranges
                0x0000000000000088       0xd8 Core/Src/stm32h7xx_hal_msp.o
 .debug_aranges
                0x0000000000000160       0x60 Core/Src/stm32h7xx_it.o
 .debug_aranges
                0x00000000000001c0       0x28 Core/Src/system_stm32h7xx.o
 .debug_aranges
                0x00000000000001e8       0x28 Core/Startup/startup_stm32h743zitx.o
 .debug_aranges
                0x0000000000000210      0x1b8 Drivers/STM32H7xx_HAL_Driver/Src/stm32h7xx_hal.o
 .debug_aranges
                0x00000000000003c8      0x228 Drivers/STM32H7xx_HAL_Driver/Src/stm32h7xx_hal_adc.o
 .debug_aranges
                0x00000000000005f0      0x1d8 Drivers/STM32H7xx_HAL_Driver/Src/stm32h7xx_hal_adc_ex.o
 .debug_aranges
                0x00000000000007c8      0x120 Drivers/STM32H7xx_HAL_Driver/Src/stm32h7xx_hal_cortex.o
 .debug_aranges
                0x00000000000008e8       0x58 Drivers/STM32H7xx_HAL_Driver/Src/stm32h7xx_hal_gpio.o
 .debug_aranges
                0x0000000000000940       0xf0 Drivers/STM32H7xx_HAL_Driver/Src/stm32h7xx_hal_hcd.o
 .debug_aranges
                0x0000000000000a30      0x290 Drivers/STM32H7xx_HAL_Driver/Src/stm32h7xx_hal_i2c.o
 .debug_aranges
                0x0000000000000cc0       0x48 Drivers/STM32H7xx_HAL_Driver/Src/stm32h7xx_hal_i2c_ex.o
 .debug_aranges
                0x0000000000000d08      0x1c0 Drivers/STM32H7xx_HAL_Driver/Src/stm32h7xx_hal_jpeg.o
 .debug_aranges
                0x0000000000000ec8      0x158 Drivers/STM32H7xx_HAL_Driver/Src/stm32h7xx_hal_ltdc.o
 .debug_aranges
                0x0000000000001020      0x158 Drivers/STM32H7xx_HAL_Driver/Src/stm32h7xx_hal_pwr_ex.o
 .debug_aranges
                0x0000000000001178       0x88 Drivers/STM32H7xx_HAL_Driver/Src/stm32h7xx_hal_rcc.o
 .debug_aranges
                0x0000000000001200       0xf8 Drivers/STM32H7xx_HAL_Driver/Src/stm32h7xx_hal_rcc_ex.o
 .debug_aranges
                0x00000000000012f8      0x188 Drivers/STM32H7xx_HAL_Driver/Src/stm32h7xx_hal_sd.o
 .debug_aranges
                0x0000000000001480       0xe8 Drivers/STM32H7xx_HAL_Driver/Src/stm32h7xx_hal_sdram.o
 .debug_aranges
                0x0000000000001568      0x1a0 Drivers/STM32H7xx_HAL_Driver/Src/stm32h7xx_hal_spi.o
 .debug_aranges
                0x0000000000001708      0x3e0 Drivers/STM32H7xx_HAL_Driver/Src/stm32h7xx_hal_tim.o
 .debug_aranges
                0x0000000000001ae8      0x188 Drivers/STM32H7xx_HAL_Driver/Src/stm32h7xx_hal_tim_ex.o
 .debug_aranges
                0x0000000000001c70      0x230 Drivers/STM32H7xx_HAL_Driver/Src/stm32h7xx_hal_uart.o
 .debug_aranges
                0x0000000000001ea0       0x88 Drivers/STM32H7xx_HAL_Driver/Src/stm32h7xx_hal_uart_ex.o
 .debug_aranges
                0x0000000000001f28       0xc8 Drivers/STM32H7xx_HAL_Driver/Src/stm32h7xx_ll_fmc.o
 .debug_aranges
                0x0000000000001ff0      0x190 Drivers/STM32H7xx_HAL_Driver/Src/stm32h7xx_ll_sdmmc.o
 .debug_aranges
                0x0000000000002180      0x198 Drivers/STM32H7xx_HAL_Driver/Src/stm32h7xx_ll_usb.o

.debug_ranges   0x0000000000000000     0x2160
 .debug_ranges  0x0000000000000000       0x78 Core/Src/main.o
 .debug_ranges  0x0000000000000078       0xc8 Core/Src/stm32h7xx_hal_msp.o
 .debug_ranges  0x0000000000000140       0x50 Core/Src/stm32h7xx_it.o
 .debug_ranges  0x0000000000000190       0x18 Core/Src/system_stm32h7xx.o
 .debug_ranges  0x00000000000001a8       0x20 Core/Startup/startup_stm32h743zitx.o
 .debug_ranges  0x00000000000001c8      0x1a8 Drivers/STM32H7xx_HAL_Driver/Src/stm32h7xx_hal.o
 .debug_ranges  0x0000000000000370      0x218 Drivers/STM32H7xx_HAL_Driver/Src/stm32h7xx_hal_adc.o
 .debug_ranges  0x0000000000000588      0x1c8 Drivers/STM32H7xx_HAL_Driver/Src/stm32h7xx_hal_adc_ex.o
 .debug_ranges  0x0000000000000750      0x110 Drivers/STM32H7xx_HAL_Driver/Src/stm32h7xx_hal_cortex.o
 .debug_ranges  0x0000000000000860       0x48 Drivers/STM32H7xx_HAL_Driver/Src/stm32h7xx_hal_gpio.o
 .debug_ranges  0x00000000000008a8       0xe0 Drivers/STM32H7xx_HAL_Driver/Src/stm32h7xx_hal_hcd.o
 .debug_ranges  0x0000000000000988      0x280 Drivers/STM32H7xx_HAL_Driver/Src/stm32h7xx_hal_i2c.o
 .debug_ranges  0x0000000000000c08       0x38 Drivers/STM32H7xx_HAL_Driver/Src/stm32h7xx_hal_i2c_ex.o
 .debug_ranges  0x0000000000000c40      0x1b0 Drivers/STM32H7xx_HAL_Driver/Src/stm32h7xx_hal_jpeg.o
 .debug_ranges  0x0000000000000df0      0x148 Drivers/STM32H7xx_HAL_Driver/Src/stm32h7xx_hal_ltdc.o
 .debug_ranges  0x0000000000000f38      0x148 Drivers/STM32H7xx_HAL_Driver/Src/stm32h7xx_hal_pwr_ex.o
 .debug_ranges  0x0000000000001080       0x78 Drivers/STM32H7xx_HAL_Driver/Src/stm32h7xx_hal_rcc.o
 .debug_ranges  0x00000000000010f8       0xe8 Drivers/STM32H7xx_HAL_Driver/Src/stm32h7xx_hal_rcc_ex.o
 .debug_ranges  0x00000000000011e0      0x178 Drivers/STM32H7xx_HAL_Driver/Src/stm32h7xx_hal_sd.o
 .debug_ranges  0x0000000000001358       0xd8 Drivers/STM32H7xx_HAL_Driver/Src/stm32h7xx_hal_sdram.o
 .debug_ranges  0x0000000000001430      0x190 Drivers/STM32H7xx_HAL_Driver/Src/stm32h7xx_hal_spi.o
 .debug_ranges  0x00000000000015c0      0x3d0 Drivers/STM32H7xx_HAL_Driver/Src/stm32h7xx_hal_tim.o
 .debug_ranges  0x0000000000001990      0x178 Drivers/STM32H7xx_HAL_Driver/Src/stm32h7xx_hal_tim_ex.o
 .debug_ranges  0x0000000000001b08      0x220 Drivers/STM32H7xx_HAL_Driver/Src/stm32h7xx_hal_uart.o
 .debug_ranges  0x0000000000001d28       0x78 Drivers/STM32H7xx_HAL_Driver/Src/stm32h7xx_hal_uart_ex.o
 .debug_ranges  0x0000000000001da0       0xb8 Drivers/STM32H7xx_HAL_Driver/Src/stm32h7xx_ll_fmc.o
 .debug_ranges  0x0000000000001e58      0x180 Drivers/STM32H7xx_HAL_Driver/Src/stm32h7xx_ll_sdmmc.o
 .debug_ranges  0x0000000000001fd8      0x188 Drivers/STM32H7xx_HAL_Driver/Src/stm32h7xx_ll_usb.o

.debug_macro    0x0000000000000000    0x3ccf0
 .debug_macro   0x0000000000000000      0x36b Core/Src/main.o
 .debug_macro   0x000000000000036b      0xa66 Core/Src/main.o
 .debug_macro   0x0000000000000dd1      0x268 Core/Src/main.o
 .debug_macro   0x0000000000001039       0x2e Core/Src/main.o
 .debug_macro   0x0000000000001067       0x3b Core/Src/main.o
 .debug_macro   0x00000000000010a2       0x22 Core/Src/main.o
 .debug_macro   0x00000000000010c4       0x8e Core/Src/main.o
 .debug_macro   0x0000000000001152       0x51 Core/Src/main.o
 .debug_macro   0x00000000000011a3       0xef Core/Src/main.o
 .debug_macro   0x0000000000001292       0x6a Core/Src/main.o
 .debug_macro   0x00000000000012fc      0x1df Core/Src/main.o
 .debug_macro   0x00000000000014db       0x1c Core/Src/main.o
 .debug_macro   0x00000000000014f7       0x22 Core/Src/main.o
 .debug_macro   0x0000000000001519       0xdf Core/Src/main.o
 .debug_macro   0x00000000000015f8     0x12cd Core/Src/main.o
 .debug_macro   0x00000000000028c5      0x11f Core/Src/main.o
 .debug_macro   0x00000000000029e4       0x19 Core/Src/main.o
 .debug_macro   0x00000000000029fd    0x2538b Core/Src/main.o
 .debug_macro   0x0000000000027d88       0x43 Core/Src/main.o
 .debug_macro   0x0000000000027dcb     0x3cd3 Core/Src/main.o
 .debug_macro   0x000000000002ba9e      0x174 Core/Src/main.o
 .debug_macro   0x000000000002bc12       0x46 Core/Src/main.o
 .debug_macro   0x000000000002bc58       0x17 Core/Src/main.o
 .debug_macro   0x000000000002bc6f       0x3c Core/Src/main.o
 .debug_macro   0x000000000002bcab       0x34 Core/Src/main.o
 .debug_macro   0x000000000002bcdf       0x52 Core/Src/main.o
 .debug_macro   0x000000000002bd31       0x1f Core/Src/main.o
 .debug_macro   0x000000000002bd50       0x43 Core/Src/main.o
 .debug_macro   0x000000000002bd93       0x20 Core/Src/main.o
 .debug_macro   0x000000000002bdb3      0x1a3 Core/Src/main.o
 .debug_macro   0x000000000002bf56      0x32a Core/Src/main.o
 .debug_macro   0x000000000002c280      0x1e1 Core/Src/main.o
 .debug_macro   0x000000000002c461       0x54 Core/Src/main.o
 .debug_macro   0x000000000002c4b5     0x2382 Core/Src/main.o
 .debug_macro   0x000000000002e837     0x1009 Core/Src/main.o
 .debug_macro   0x000000000002f840      0x138 Core/Src/main.o
 .debug_macro   0x000000000002f978      0x117 Core/Src/main.o
 .debug_macro   0x000000000002fa8f      0x3b2 Core/Src/main.o
 .debug_macro   0x000000000002fe41       0x27 Core/Src/main.o
 .debug_macro   0x000000000002fe68      0x72d Core/Src/main.o
 .debug_macro   0x0000000000030595      0x229 Core/Src/main.o
 .debug_macro   0x00000000000307be       0x66 Core/Src/main.o
 .debug_macro   0x0000000000030824      0x3bb Core/Src/main.o
 .debug_macro   0x0000000000030bdf      0x3e5 Core/Src/main.o
 .debug_macro   0x0000000000030fc4      0x275 Core/Src/main.o
 .debug_macro   0x0000000000031239     0x1036 Core/Src/main.o
 .debug_macro   0x000000000003226f      0x6c5 Core/Src/main.o
 .debug_macro   0x0000000000032934      0x36e Core/Src/main.o
 .debug_macro   0x0000000000032ca2      0x3cb Core/Src/main.o
 .debug_macro   0x000000000003306d      0x41d Core/Src/main.o
 .debug_macro   0x000000000003348a       0x51 Core/Src/main.o
 .debug_macro   0x00000000000334db       0x4a Core/Src/main.o
 .debug_macro   0x0000000000033525      0x22c Core/Src/main.o
 .debug_macro   0x0000000000033751       0x64 Core/Src/main.o
 .debug_macro   0x00000000000337b5       0xa5 Core/Src/main.o
 .debug_macro   0x000000000003385a      0x137 Core/Src/main.o
 .debug_macro   0x0000000000033991      0x198 Core/Src/main.o
 .debug_macro   0x0000000000033b29       0xd6 Core/Src/main.o
 .debug_macro   0x0000000000033bff      0x1c5 Core/Src/main.o
 .debug_macro   0x0000000000033dc4      0x25f Core/Src/main.o
 .debug_macro   0x0000000000034023       0x35 Core/Src/main.o
 .debug_macro   0x0000000000034058      0x814 Core/Src/main.o
 .debug_macro   0x000000000003486c       0x16 Core/Src/main.o
 .debug_macro   0x0000000000034882      0x1ce Core/Src/main.o
 .debug_macro   0x0000000000034a50      0x513 Core/Src/main.o
 .debug_macro   0x0000000000034f63      0x5dd Core/Src/main.o
 .debug_macro   0x0000000000035540       0x9e Core/Src/main.o
 .debug_macro   0x00000000000355de      0xad7 Core/Src/main.o
 .debug_macro   0x00000000000360b5      0x2a0 Core/Src/main.o
 .debug_macro   0x0000000000036355      0x662 Core/Src/main.o
 .debug_macro   0x00000000000369b7       0xa6 Core/Src/main.o
 .debug_macro   0x0000000000036a5d      0x21e Core/Src/main.o
 .debug_macro   0x0000000000036c7b       0x68 Core/Src/main.o
 .debug_macro   0x0000000000036ce3      0x5a0 Core/Src/main.o
 .debug_macro   0x0000000000037283       0x10 Core/Src/main.o
 .debug_macro   0x0000000000037293      0x36b Core/Src/stm32h7xx_hal_msp.o
 .debug_macro   0x00000000000375fe      0x375 Core/Src/stm32h7xx_it.o
 .debug_macro   0x0000000000037973      0x362 Core/Src/system_stm32h7xx.o
 .debug_macro   0x0000000000037cd5      0x386 Drivers/STM32H7xx_HAL_Driver/Src/stm32h7xx_hal.o
 .debug_macro   0x000000000003805b      0x380 Drivers/STM32H7xx_HAL_Driver/Src/stm32h7xx_hal_adc.o
 .debug_macro   0x00000000000383db      0x368 Drivers/STM32H7xx_HAL_Driver/Src/stm32h7xx_hal_adc_ex.o
 .debug_macro   0x0000000000038743      0x35c Drivers/STM32H7xx_HAL_Driver/Src/stm32h7xx_hal_cortex.o
 .debug_macro   0x0000000000038a9f      0x398 Drivers/STM32H7xx_HAL_Driver/Src/stm32h7xx_hal_gpio.o
 .debug_macro   0x0000000000038e37      0x35c Drivers/STM32H7xx_HAL_Driver/Src/stm32h7xx_hal_hcd.o
 .debug_macro   0x0000000000039193      0x421 Drivers/STM32H7xx_HAL_Driver/Src/stm32h7xx_hal_i2c.o
 .debug_macro   0x00000000000395b4      0x35c Drivers/STM32H7xx_HAL_Driver/Src/stm32h7xx_hal_i2c_ex.o
 .debug_macro   0x0000000000039910      0x3e9 Drivers/STM32H7xx_HAL_Driver/Src/stm32h7xx_hal_jpeg.o
 .debug_macro   0x0000000000039cf9      0x35d Drivers/STM32H7xx_HAL_Driver/Src/stm32h7xx_hal_ltdc.o
 .debug_macro   0x000000000003a056      0x395 Drivers/STM32H7xx_HAL_Driver/Src/stm32h7xx_hal_pwr_ex.o
 .debug_macro   0x000000000003a3eb      0x380 Drivers/STM32H7xx_HAL_Driver/Src/stm32h7xx_hal_rcc.o
 .debug_macro   0x000000000003a76b      0x37a Drivers/STM32H7xx_HAL_Driver/Src/stm32h7xx_hal_rcc_ex.o
 .debug_macro   0x000000000003aae5      0x364 Drivers/STM32H7xx_HAL_Driver/Src/stm32h7xx_hal_sd.o
 .debug_macro   0x000000000003ae49      0x35c Drivers/STM32H7xx_HAL_Driver/Src/stm32h7xx_hal_sdram.o
 .debug_macro   0x000000000003b1a5      0x364 Drivers/STM32H7xx_HAL_Driver/Src/stm32h7xx_hal_spi.o
 .debug_macro   0x000000000003b509      0x35d Drivers/STM32H7xx_HAL_Driver/Src/stm32h7xx_hal_tim.o
 .debug_macro   0x000000000003b866      0x35c Drivers/STM32H7xx_HAL_Driver/Src/stm32h7xx_hal_tim_ex.o
 .debug_macro   0x000000000003bbc2      0x387 Drivers/STM32H7xx_HAL_Driver/Src/stm32h7xx_hal_uart.o
 .debug_macro   0x000000000003bf49      0x368 Drivers/STM32H7xx_HAL_Driver/Src/stm32h7xx_hal_uart_ex.o
 .debug_macro   0x000000000003c2b1      0x386 Drivers/STM32H7xx_HAL_Driver/Src/stm32h7xx_ll_fmc.o
 .debug_macro   0x000000000003c637      0x35d Drivers/STM32H7xx_HAL_Driver/Src/stm32h7xx_ll_sdmmc.o
 .debug_macro   0x000000000003c994      0x35c Drivers/STM32H7xx_HAL_Driver/Src/stm32h7xx_ll_usb.o

.debug_line     0x0000000000000000    0x1d6c7
 .debug_line    0x0000000000000000      0xbde Core/Src/main.o
 .debug_line    0x0000000000000bde      0xc61 Core/Src/stm32h7xx_hal_msp.o
 .debug_line    0x000000000000183f      0xa6f Core/Src/stm32h7xx_it.o
 .debug_line    0x00000000000022ae      0xa16 Core/Src/system_stm32h7xx.o
 .debug_line    0x0000000000002cc4       0x87 Core/Startup/startup_stm32h743zitx.o
 .debug_line    0x0000000000002d4b      0xdc8 Drivers/STM32H7xx_HAL_Driver/Src/stm32h7xx_hal.o
 .debug_line    0x0000000000003b13     0x19c8 Drivers/STM32H7xx_HAL_Driver/Src/stm32h7xx_hal_adc.o
 .debug_line    0x00000000000054db     0x1759 Drivers/STM32H7xx_HAL_Driver/Src/stm32h7xx_hal_adc_ex.o
 .debug_line    0x0000000000006c34      0xd07 Drivers/STM32H7xx_HAL_Driver/Src/stm32h7xx_hal_cortex.o
 .debug_line    0x000000000000793b      0xbc2 Drivers/STM32H7xx_HAL_Driver/Src/stm32h7xx_hal_gpio.o
 .debug_line    0x00000000000084fd      0xe5a Drivers/STM32H7xx_HAL_Driver/Src/stm32h7xx_hal_hcd.o
 .debug_line    0x0000000000009357     0x2040 Drivers/STM32H7xx_HAL_Driver/Src/stm32h7xx_hal_i2c.o
 .debug_line    0x000000000000b397      0xb0f Drivers/STM32H7xx_HAL_Driver/Src/stm32h7xx_hal_i2c_ex.o
 .debug_line    0x000000000000bea6     0x14b7 Drivers/STM32H7xx_HAL_Driver/Src/stm32h7xx_hal_jpeg.o
 .debug_line    0x000000000000d35d     0x12a2 Drivers/STM32H7xx_HAL_Driver/Src/stm32h7xx_hal_ltdc.o
 .debug_line    0x000000000000e5ff      0xda4 Drivers/STM32H7xx_HAL_Driver/Src/stm32h7xx_hal_pwr_ex.o
 .debug_line    0x000000000000f3a3      0xdaa Drivers/STM32H7xx_HAL_Driver/Src/stm32h7xx_hal_rcc.o
 .debug_line    0x000000000001014d     0x1008 Drivers/STM32H7xx_HAL_Driver/Src/stm32h7xx_hal_rcc_ex.o
 .debug_line    0x0000000000011155     0x1433 Drivers/STM32H7xx_HAL_Driver/Src/stm32h7xx_hal_sd.o
 .debug_line    0x0000000000012588      0xdd2 Drivers/STM32H7xx_HAL_Driver/Src/stm32h7xx_hal_sdram.o
 .debug_line    0x000000000001335a     0x142e Drivers/STM32H7xx_HAL_Driver/Src/stm32h7xx_hal_spi.o
 .debug_line    0x0000000000014788     0x28d1 Drivers/STM32H7xx_HAL_Driver/Src/stm32h7xx_hal_tim.o
 .debug_line    0x0000000000017059     0x172d Drivers/STM32H7xx_HAL_Driver/Src/stm32h7xx_hal_tim_ex.o
 .debug_line    0x0000000000018786     0x175f Drivers/STM32H7xx_HAL_Driver/Src/stm32h7xx_hal_uart.o
 .debug_line    0x0000000000019ee5      0xc3a Drivers/STM32H7xx_HAL_Driver/Src/stm32h7xx_hal_uart_ex.o
 .debug_line    0x000000000001ab1f      0xbf4 Drivers/STM32H7xx_HAL_Driver/Src/stm32h7xx_ll_fmc.o
 .debug_line    0x000000000001b713      0xebb Drivers/STM32H7xx_HAL_Driver/Src/stm32h7xx_ll_sdmmc.o
 .debug_line    0x000000000001c5ce     0x10f9 Drivers/STM32H7xx_HAL_Driver/Src/stm32h7xx_ll_usb.o

.debug_str      0x0000000000000000   0x187975
 .debug_str     0x0000000000000000   0x17d877 Core/Src/main.o
                                     0x17e351 (size before relaxing)
 .debug_str     0x000000000017d877      0x217 Core/Src/stm32h7xx_hal_msp.o
                                     0x17dcc9 (size before relaxing)
 .debug_str     0x000000000017da8e       0xbd Core/Src/stm32h7xx_it.o
                                     0x17b9f2 (size before relaxing)
 .debug_str     0x000000000017db4b      0x316 Core/Src/system_stm32h7xx.o
                                     0x17be69 (size before relaxing)
 .debug_str     0x000000000017de61       0x36 Core/Startup/startup_stm32h743zitx.o
                                         0x75 (size before relaxing)
 .debug_str     0x000000000017de97      0xf6e Drivers/STM32H7xx_HAL_Driver/Src/stm32h7xx_hal.o
                                     0x17ccf6 (size before relaxing)
 .debug_str     0x000000000017ee05      0xa39 Drivers/STM32H7xx_HAL_Driver/Src/stm32h7xx_hal_adc.o
                                     0x17ca9f (size before relaxing)
 .debug_str     0x000000000017f83e      0x898 Drivers/STM32H7xx_HAL_Driver/Src/stm32h7xx_hal_adc_ex.o
                                     0x17cb86 (size before relaxing)
 .debug_str     0x00000000001800d6      0x3a1 Drivers/STM32H7xx_HAL_Driver/Src/stm32h7xx_hal_cortex.o
                                     0x17c781 (size before relaxing)
 .debug_str     0x0000000000180477      0x1ff Drivers/STM32H7xx_HAL_Driver/Src/stm32h7xx_hal_gpio.o
                                     0x17bf05 (size before relaxing)
 .debug_str     0x0000000000180676      0x382 Drivers/STM32H7xx_HAL_Driver/Src/stm32h7xx_hal_hcd.o
                                     0x17c114 (size before relaxing)
 .debug_str     0x00000000001809f8      0xd7b Drivers/STM32H7xx_HAL_Driver/Src/stm32h7xx_hal_i2c.o
                                     0x17cd9f (size before relaxing)
 .debug_str     0x0000000000181773       0xb8 Drivers/STM32H7xx_HAL_Driver/Src/stm32h7xx_hal_i2c_ex.o
                                     0x17c240 (size before relaxing)
 .debug_str     0x000000000018182b      0xbc9 Drivers/STM32H7xx_HAL_Driver/Src/stm32h7xx_hal_jpeg.o
                                     0x17cafb (size before relaxing)
 .debug_str     0x00000000001823f4      0x493 Drivers/STM32H7xx_HAL_Driver/Src/stm32h7xx_hal_ltdc.o
                                     0x17c0cf (size before relaxing)
 .debug_str     0x0000000000182887      0x627 Drivers/STM32H7xx_HAL_Driver/Src/stm32h7xx_hal_pwr_ex.o
                                     0x17c2cd (size before relaxing)
 .debug_str     0x0000000000182eae      0x26c Drivers/STM32H7xx_HAL_Driver/Src/stm32h7xx_hal_rcc.o
                                     0x17c194 (size before relaxing)
 .debug_str     0x000000000018311a      0x653 Drivers/STM32H7xx_HAL_Driver/Src/stm32h7xx_hal_rcc_ex.o
                                     0x17c65a (size before relaxing)
 .debug_str     0x000000000018376d      0x77c Drivers/STM32H7xx_HAL_Driver/Src/stm32h7xx_hal_sd.o
                                     0x17c535 (size before relaxing)
 .debug_str     0x0000000000183ee9      0x2f9 Drivers/STM32H7xx_HAL_Driver/Src/stm32h7xx_hal_sdram.o
                                     0x17c1ae (size before relaxing)
 .debug_str     0x00000000001841e2      0x4f8 Drivers/STM32H7xx_HAL_Driver/Src/stm32h7xx_hal_spi.o
                                     0x17c44f (size before relaxing)
 .debug_str     0x00000000001846da      0xde2 Drivers/STM32H7xx_HAL_Driver/Src/stm32h7xx_hal_tim.o
                                     0x17ceca (size before relaxing)
 .debug_str     0x00000000001854bc      0x624 Drivers/STM32H7xx_HAL_Driver/Src/stm32h7xx_hal_tim_ex.o
                                     0x17c7d9 (size before relaxing)
 .debug_str     0x0000000000185ae0      0x925 Drivers/STM32H7xx_HAL_Driver/Src/stm32h7xx_hal_uart.o
                                     0x17cabc (size before relaxing)
 .debug_str     0x0000000000186405      0x288 Drivers/STM32H7xx_HAL_Driver/Src/stm32h7xx_hal_uart_ex.o
                                     0x17c106 (size before relaxing)
 .debug_str     0x000000000018668d      0x826 Drivers/STM32H7xx_HAL_Driver/Src/stm32h7xx_ll_fmc.o
                                     0x17c3b6 (size before relaxing)
 .debug_str     0x0000000000186eb3      0x497 Drivers/STM32H7xx_HAL_Driver/Src/stm32h7xx_ll_sdmmc.o
                                     0x17bfa5 (size before relaxing)
 .debug_str     0x000000000018734a      0x62b Drivers/STM32H7xx_HAL_Driver/Src/stm32h7xx_ll_usb.o
                                     0x17c3d0 (size before relaxing)

.comment        0x0000000000000000       0x7b
 .comment       0x0000000000000000       0x7b Core/Src/main.o
                                         0x7c (size before relaxing)
 .comment       0x000000000000007b       0x7c Core/Src/stm32h7xx_hal_msp.o
 .comment       0x000000000000007b       0x7c Core/Src/stm32h7xx_it.o
 .comment       0x000000000000007b       0x7c Core/Src/system_stm32h7xx.o
 .comment       0x000000000000007b       0x7c Drivers/STM32H7xx_HAL_Driver/Src/stm32h7xx_hal.o
 .comment       0x000000000000007b       0x7c Drivers/STM32H7xx_HAL_Driver/Src/stm32h7xx_hal_adc.o
 .comment       0x000000000000007b       0x7c Drivers/STM32H7xx_HAL_Driver/Src/stm32h7xx_hal_adc_ex.o
 .comment       0x000000000000007b       0x7c Drivers/STM32H7xx_HAL_Driver/Src/stm32h7xx_hal_cortex.o
 .comment       0x000000000000007b       0x7c Drivers/STM32H7xx_HAL_Driver/Src/stm32h7xx_hal_gpio.o
 .comment       0x000000000000007b       0x7c Drivers/STM32H7xx_HAL_Driver/Src/stm32h7xx_hal_hcd.o
 .comment       0x000000000000007b       0x7c Drivers/STM32H7xx_HAL_Driver/Src/stm32h7xx_hal_i2c.o
 .comment       0x000000000000007b       0x7c Drivers/STM32H7xx_HAL_Driver/Src/stm32h7xx_hal_i2c_ex.o
 .comment       0x000000000000007b       0x7c Drivers/STM32H7xx_HAL_Driver/Src/stm32h7xx_hal_jpeg.o
 .comment       0x000000000000007b       0x7c Drivers/STM32H7xx_HAL_Driver/Src/stm32h7xx_hal_ltdc.o
 .comment       0x000000000000007b       0x7c Drivers/STM32H7xx_HAL_Driver/Src/stm32h7xx_hal_pwr_ex.o
 .comment       0x000000000000007b       0x7c Drivers/STM32H7xx_HAL_Driver/Src/stm32h7xx_hal_rcc.o
 .comment       0x000000000000007b       0x7c Drivers/STM32H7xx_HAL_Driver/Src/stm32h7xx_hal_rcc_ex.o
 .comment       0x000000000000007b       0x7c Drivers/STM32H7xx_HAL_Driver/Src/stm32h7xx_hal_sd.o
 .comment       0x000000000000007b       0x7c Drivers/STM32H7xx_HAL_Driver/Src/stm32h7xx_hal_sdram.o
 .comment       0x000000000000007b       0x7c Drivers/STM32H7xx_HAL_Driver/Src/stm32h7xx_hal_spi.o
 .comment       0x000000000000007b       0x7c Drivers/STM32H7xx_HAL_Driver/Src/stm32h7xx_hal_tim.o
 .comment       0x000000000000007b       0x7c Drivers/STM32H7xx_HAL_Driver/Src/stm32h7xx_hal_tim_ex.o
 .comment       0x000000000000007b       0x7c Drivers/STM32H7xx_HAL_Driver/Src/stm32h7xx_hal_uart.o
 .comment       0x000000000000007b       0x7c Drivers/STM32H7xx_HAL_Driver/Src/stm32h7xx_hal_uart_ex.o
 .comment       0x000000000000007b       0x7c Drivers/STM32H7xx_HAL_Driver/Src/stm32h7xx_ll_fmc.o
 .comment       0x000000000000007b       0x7c Drivers/STM32H7xx_HAL_Driver/Src/stm32h7xx_ll_sdmmc.o