jpeg_utils.c:436:17:JPEG_ARGB_MCU_YCbCr420_ConvertBlocks	96	static
jpeg_utils.c:581:17:JPEG_ARGB_MCU_YCbCr422_ConvertBlocks	96	static
jpeg_utils.c:694:17:JPEG_ARGB_MCU_YCbCr444_ConvertBlocks	96	static
jpeg_utils.c:785:17:JPEG_ARGB_MCU_Gray_ConvertBlocks	88	static
jpeg_utils.c:873:17:JPEG_ARGB_MCU_YCCK_ConvertBlocks	88	static
jpeg_utils.c:963:19:JPEG_GetEncodeColorConvertFunc	32	static
jpeg_utils.c:1118:17:JPEG_MCU_YCbCr420_ARGB_ConvertBlocks	96	static
jpeg_utils.c:1302:17:JPEG_MCU_YCbCr422_ARGB_ConvertBlocks	96	static
jpeg_utils.c:1433:17:JPEG_MCU_YCbCr444_ARGB_ConvertBlocks	88	static
jpeg_utils.c:1538:17:JPEG_MCU_Gray_ARGB_ConvertBlocks	64	static
jpeg_utils.c:1615:17:JPEG_MCU_YCCK_ARGB_ConvertBlocks	80	static
jpeg_utils.c:1708:19:JPEG_GetDecodeColorConvertFunc	32	static
jpeg_utils.c:1816:6:JPEG_InitPostProcColorTables	16	static
jpeg_utils.c:1838:6:JPEG_InitColorTables	8	static
jpeg_utils.c:1858:6:JPEG_InitPreProcColorTables	16	static
jpeg_utils.c:1884:6:JPEG_Init_MCU_LUT	24	static
jpeg_utils.c:1939:17:JPEG_Set_K_Blocks	32	static
