stm32h7xx_hal_jpeg.c:484:19:HAL_JPEG_Init	16	static
stm32h7xx_hal_jpeg.c:608:19:HAL_JPEG_DeInit	16	static
stm32h7xx_hal_jpeg.c:659:13:HAL_JPEG_MspInit	16	static
stm32h7xx_hal_jpeg.c:675:13:HAL_JPEG_MspDeInit	16	static
stm32h7xx_hal_jpeg.c:1100:19:HAL_JPEG_ConfigEncoding	40	static
stm32h7xx_hal_jpeg.c:1290:19:HAL_JPEG_GetInfo	32	static
stm32h7xx_hal_jpeg.c:1363:19:HAL_JPEG_EnableHeaderParsing	16	static
stm32h7xx_hal_jpeg.c:1399:19:HAL_JPEG_DisableHeaderParsing	16	static
stm32h7xx_hal_jpeg.c:1446:20:HAL_JPEG_SetUserQuantTables	24	static
stm32h7xx_hal_jpeg.c:1521:20:HAL_JPEG_Encode	32	static
stm32h7xx_hal_jpeg.c:1625:20:HAL_JPEG_Decode	32	static
stm32h7xx_hal_jpeg.c:1719:20:HAL_JPEG_Encode_IT	24	static
stm32h7xx_hal_jpeg.c:1789:20:HAL_JPEG_Decode_IT	24	static
stm32h7xx_hal_jpeg.c:1849:20:HAL_JPEG_Encode_DMA	24	static
stm32h7xx_hal_jpeg.c:1930:20:HAL_JPEG_Decode_DMA	24	static
stm32h7xx_hal_jpeg.c:2000:20:HAL_JPEG_Pause	24	static
stm32h7xx_hal_jpeg.c:2053:20:HAL_JPEG_Resume	40	static
stm32h7xx_hal_jpeg.c:2173:6:HAL_JPEG_ConfigInputBuffer	24	static
stm32h7xx_hal_jpeg.c:2187:6:HAL_JPEG_ConfigOutputBuffer	24	static
stm32h7xx_hal_jpeg.c:2199:19:HAL_JPEG_Abort	24	static
stm32h7xx_hal_jpeg.c:2319:13:HAL_JPEG_InfoReadyCallback	16	static
stm32h7xx_hal_jpeg.c:2336:13:HAL_JPEG_EncodeCpltCallback	16	static
stm32h7xx_hal_jpeg.c:2352:13:HAL_JPEG_DecodeCpltCallback	16	static
stm32h7xx_hal_jpeg.c:2368:13:HAL_JPEG_ErrorCallback	16	static
stm32h7xx_hal_jpeg.c:2385:13:HAL_JPEG_GetDataCallback	16	static
stm32h7xx_hal_jpeg.c:2404:13:HAL_JPEG_DataReadyCallback	24	static
stm32h7xx_hal_jpeg.c:2441:6:HAL_JPEG_IRQHandler	16	static
stm32h7xx_hal_jpeg.c:2493:23:HAL_JPEG_GetState	16	static
stm32h7xx_hal_jpeg.c:2504:10:HAL_JPEG_GetError	16	static
stm32h7xx_hal_jpeg.c:2530:26:JPEG_Bits_To_SizeCodes	48	static
stm32h7xx_hal_jpeg.c:2593:26:JPEG_ACHuff_BitsVals_To_SizeCodes	1328	static
stm32h7xx_hal_jpeg.c:2652:26:JPEG_DCHuff_BitsVals_To_SizeCodes	1320	static
stm32h7xx_hal_jpeg.c:2697:26:JPEG_Set_HuffDC_Mem	112	static
stm32h7xx_hal_jpeg.c:2759:26:JPEG_Set_HuffAC_Mem	864	static
stm32h7xx_hal_jpeg.c:2832:26:JPEG_Set_HuffEnc_Mem	24	static
stm32h7xx_hal_jpeg.c:2875:13:JPEG_Set_Huff_DHTMem	48	static
stm32h7xx_hal_jpeg.c:3066:17:JPEG_Set_Quantization_Mem	48	static
stm32h7xx_hal_jpeg.c:3132:13:JPEG_SetColorYCBCR	32	static
stm32h7xx_hal_jpeg.c:3193:13:JPEG_SetColorGrayScale	16	static
stm32h7xx_hal_jpeg.c:3213:13:JPEG_SetColorCMYK	32	static
stm32h7xx_hal_jpeg.c:3272:13:JPEG_Init_Process	16	static
stm32h7xx_hal_jpeg.c:3327:17:JPEG_Process	24	static
stm32h7xx_hal_jpeg.c:3473:13:JPEG_StoreOutputData	32	static
stm32h7xx_hal_jpeg.c:3567:13:JPEG_ReadInputData	40	static
stm32h7xx_hal_jpeg.c:3656:26:JPEG_DMA_StartProcess	40	static
stm32h7xx_hal_jpeg.c:3726:13:JPEG_DMA_ContinueProcess	16	static
stm32h7xx_hal_jpeg.c:3795:13:JPEG_DMA_EndProcess	24	static
stm32h7xx_hal_jpeg.c:3875:13:JPEG_DMA_PollResidualData	32	static
stm32h7xx_hal_jpeg.c:3964:13:JPEG_MDMAInCpltCallback	40	static
stm32h7xx_hal_jpeg.c:4052:13:JPEG_MDMAOutCpltCallback	40	static
stm32h7xx_hal_jpeg.c:4103:13:JPEG_MDMAErrorCallback	24	static
stm32h7xx_hal_jpeg.c:4128:13:JPEG_MDMAOutAbortCallback	24	static
stm32h7xx_hal_jpeg.c:4145:17:JPEG_GetQuality	48	static
