main.c:93:5:main	8	static
main.c:146:6:SystemClock_Config	312	static
main.c:242:13:MX_ADC1_Init	48	static
main.c:307:13:MX_I2C1_Init	8	static
main.c:353:13:MX_JPEG_Init	8	static
main.c:379:13:MX_LTDC_Init	112	static
main.c:461:13:MX_SDMMC1_SD_Init	8	static
main.c:493:13:MX_SPI1_Init	8	static
main.c:541:13:MX_TIM2_Init	48	static
main.c:590:13:MX_UART7_Init	8	static
main.c:638:13:MX_USB_OTG_FS_HCD_Init	8	static
main.c:665:13:MX_FMC_Init	40	static
main.c:716:13:MX_GPIO_Init	64	static
main.c:762:6:Error_Handler	4	static
