stm32h7xx_hal_msp.c:66:6:HAL_MspInit	16	static
stm32h7xx_hal_msp.c:87:6:HAL_ADC_MspInit	48	static
stm32h7xx_hal_msp.c:120:6:HAL_ADC_MspDeInit	16	static
stm32h7xx_hal_msp.c:148:6:HAL_I2C_MspInit	48	static
stm32h7xx_hal_msp.c:184:6:HAL_I2C_MspDeInit	16	static
stm32h7xx_hal_msp.c:215:6:HAL_JPEG_MspInit	24	static
stm32h7xx_hal_msp.c:237:6:HAL_JPEG_MspDeInit	16	static
stm32h7xx_hal_msp.c:259:6:HAL_LTDC_MspInit	72	static
stm32h7xx_hal_msp.c:391:6:HAL_LTDC_MspDeInit	16	static
stm32h7xx_hal_msp.c:461:6:HAL_SD_MspInit	48	static
stm32h7xx_hal_msp.c:510:6:HAL_SD_MspDeInit	16	static
stm32h7xx_hal_msp.c:546:6:HAL_SPI_MspInit	56	static
stm32h7xx_hal_msp.c:599:6:HAL_SPI_MspDeInit	16	static
stm32h7xx_hal_msp.c:633:6:HAL_TIM_PWM_MspInit	24	static
stm32h7xx_hal_msp.c:649:6:HAL_TIM_MspPostInit	40	static
stm32h7xx_hal_msp.c:681:6:HAL_TIM_PWM_MspDeInit	16	static
stm32h7xx_hal_msp.c:703:6:HAL_UART_MspInit	48	static
stm32h7xx_hal_msp.c:740:6:HAL_UART_MspDeInit	16	static
stm32h7xx_hal_msp.c:770:6:HAL_HCD_MspInit	48	static
stm32h7xx_hal_msp.c:806:6:HAL_HCD_MspDeInit	16	static
stm32h7xx_hal_msp.c:831:13:HAL_FMC_MspInit	32	static
stm32h7xx_hal_msp.c:936:6:HAL_SDRAM_MspInit	16	static
stm32h7xx_hal_msp.c:948:13:HAL_FMC_MspDeInit	8	static
stm32h7xx_hal_msp.c:1021:6:HAL_SDRAM_MspDeInit	16	static
